<html>
<body>
<pre>
<h1>µVision Build Log</h1>
<h2>Tool Versions:</h2>
IDE-Version: µVision V5.41.0.0
Copyright (C) 2024 ARM Ltd and ARM Germany GmbH. All rights reserved.
License Information: Tam Tran
RMIT University Vietnam
User-based license: Keil MDK Nuvoton Edition - Full Cortex-M
Valid until: Sep 27 2034. Cached until: May 18 2026
 
Tool Versions:
Toolchain:       Keil MDK Nuvoton Edition - Full Cortex-M  Version: 5.41.0.0
Toolchain Path:  C:\Users\Tam Tran\AppData\Local\Keil_v5\ARM\ARMCLANG\Bin
C Compiler:      ArmClang.exe V6.22
Assembler:       Armasm.exe V6.22
Linker/Locator:  ArmLink.exe V6.22
Library Manager: ArmAr.exe V6.22
Hex Converter:   FromElf.exe V6.22
CPU DLL:         SARMCM3.DLL V5.41.0.0
Dialog DLL:      DARMCM1.DLL V1.19.6.0
Target DLL:      Nu_Link.dll V3.18
Dialog DLL:      TARMCM1.DLL V1.14.6.0
 
<h2>Project:</h2>
C:\Users\Tam Tran\Downloads\Assessment3-1\Assessment3\task2-complete\KEIL\task2.uvproj
Project File Date:  05/12/2026

<h2>Output:</h2>
*** Using Compiler 'V6.22', folder: 'C:\Users\Tam Tran\AppData\Local\Keil_v5\ARM\ARMCLANG\Bin'
Build target 'M480_LCD_with_Touch'
creating preprocessor file for main.c...
creating preprocessor file for EBI_LCD_Module.c...
creating preprocessor file for system_M480.c...
creating preprocessor file for image.c...
creating preprocessor file for image_16x32.c...
creating preprocessor file for sys_init.c...
creating preprocessor file for tetris_draw.c...
creating preprocessor file for playfield.c...
creating preprocessor file for game_session.c...
creating preprocessor file for game_screens.c...
creating preprocessor file for tetromino_spawn.c...
creating preprocessor file for tetromino_rotation.c...
game_screens.c(3): warning: In file included from...
.\game_over_bitmap.h(7): warning: 'GAME_OVER_BITMAP_H' macro redefined [-Wmacro-redefined]
    7 | #define GAME_OVER_BITMAP_H 51
      |         ^
.\game_over_bitmap.h(2): note: previous definition is here
    2 | #define GAME_OVER_BITMAP_H
      |         ^
game_screens.c(4): warning: In file included from...
.\start_logo_rgb565.h(7): warning: 'START_LOGO_RGB565_H' macro redefined [-Wmacro-redefined]
    7 | #define START_LOGO_RGB565_H 47
      |         ^
.\start_logo_rgb565.h(2): note: previous definition is here
    2 | #define START_LOGO_RGB565_H
      |         ^
game_screens.c(5): warning: In file included from...
.\start_skyline_rgb565.h(7): warning: 'START_SKYLINE_RGB565_H' macro redefined [-Wmacro-redefined]
    7 | #define START_SKYLINE_RGB565_H 51
      |         ^
.\start_skyline_rgb565.h(2): note: previous definition is here
    2 | #define START_SKYLINE_RGB565_H
      |         ^
3 warnings generated.
compiling game_screens.c...
creating preprocessor file for clk.c...
creating preprocessor file for retarget.c...
creating preprocessor file for sys.c...
creating preprocessor file for timer.c...
creating preprocessor file for uart.c...
creating preprocessor file for gpio.c...
creating preprocessor file for eadc.c...
creating preprocessor file for ebi.c...
linking...
Program Size: Code=16000 RO-data=34816 RW-data=56 ZI-data=4432  
After Build - User command #1: fromelf --bin ".\obj\M480_LCD_with_Touch.axf" --output ".\obj\M480_LCD_with_Touch.bin"
After Build - User command #2: fromelf --text -c ".\obj\M480_LCD_with_Touch.axf" --output ".\obj\M480_LCD_with_Touch.txt"
".\obj\M480_LCD_with_Touch.axf" - 0 Error(s), 3 Warning(s).
Build Time Elapsed:  00:00:06
</pre>
</body>
</html>
