Component: Arm Compiler for Embedded 6.22 Tool: armlink [5ee90200]

==============================================================================

Small function inlining results

Inlined total of 0 calls.

==============================================================================

Section Cross References

    system_m480.o(.text.SystemCoreClockUpdate) refers to clk.o(.text.CLK_GetPLLClockFreq) for CLK_GetPLLClockFreq
    system_m480.o(.text.SystemCoreClockUpdate) refers to system_m480.o(.data.PllClock) for PllClock
    system_m480.o(.text.SystemCoreClockUpdate) refers to system_m480.o(.data.gau32ClkSrcTbl) for gau32ClkSrcTbl
    system_m480.o(.text.SystemCoreClockUpdate) refers to system_m480.o(.data.SystemCoreClock) for SystemCoreClock
    system_m480.o(.text.SystemCoreClockUpdate) refers to system_m480.o(.data.CyclesPerUs) for CyclesPerUs
    system_m480.o(.ARM.exidx.text.SystemCoreClockUpdate) refers to system_m480.o(.text.SystemCoreClockUpdate) for [Anonymous Symbol]
    system_m480.o(.ARM.exidx.text.SystemInit) refers to system_m480.o(.text.SystemInit) for [Anonymous Symbol]
    startup_m480.o(RESET) refers to startup_m480.o(STACK) for __initial_sp
    startup_m480.o(RESET) refers to startup_m480.o(.text) for Reset_Handler
    startup_m480.o(RESET) refers to ebi_lcd_module.o(.text.TMR3_IRQHandler) for TMR3_IRQHandler
    startup_m480.o(.text) refers to system_m480.o(.text.SystemInit) for SystemInit
    startup_m480.o(.text) refers to entry.o(.ARM.Collect$$$$00000000) for __main
    startup_m480.o(.text) refers to retarget.o(.text.ProcessHardFault) for ProcessHardFault
    main.o(.text.main) refers to sys_init.o(.text.SYS_Init) for SYS_Init
    main.o(.text.main) refers to uart.o(.text.UART_Open) for UART_Open
    main.o(.text.main) refers to ebi.o(.text.EBI_Open) for EBI_Open
    main.o(.text.main) refers to ebi_lcd_module.o(.text.ILI9341_Initial) for ILI9341_Initial
    main.o(.text.main) refers to ebi_lcd_module.o(.text.Timer3_Init) for Timer3_Init
    main.o(.text.main) refers to gpio.o(.text.GPIO_SetMode) for GPIO_SetMode
    main.o(.text.main) refers to game_screens.o(.text.DrawStartScreen) for DrawStartScreen
    main.o(.text.main) refers to game_session.o(.text.GameSession_WaitForStart) for GameSession_WaitForStart
    main.o(.text.main) refers to game_session.o(.text.GameSession_ConfigureControls) for GameSession_ConfigureControls
    main.o(.text.main) refers to game_session.o(.text.GameSession_Begin) for GameSession_Begin
    main.o(.text.main) refers to game_session.o(.text.GameSession_Run) for GameSession_Run
    main.o(.ARM.exidx.text.main) refers to main.o(.text.main) for [Anonymous Symbol]
    ebi_lcd_module.o(.text.Timer3_Init) refers to clk.o(.text.CLK_EnableModuleClock) for CLK_EnableModuleClock
    ebi_lcd_module.o(.text.Timer3_Init) refers to clk.o(.text.CLK_SetModuleClock) for CLK_SetModuleClock
    ebi_lcd_module.o(.text.Timer3_Init) refers to ebi_lcd_module.o(.bss.Timer3_flag) for Timer3_flag
    ebi_lcd_module.o(.text.Timer3_Init) refers to ebi_lcd_module.o(.bss.Timer3_cnt) for Timer3_cnt
    ebi_lcd_module.o(.text.Timer3_Init) refers to printf8.o(i.__0printf$8) for __2printf
    ebi_lcd_module.o(.ARM.exidx.text.Timer3_Init) refers to ebi_lcd_module.o(.text.Timer3_Init) for [Anonymous Symbol]
    ebi_lcd_module.o(.text.TMR3_IRQHandler) refers to ebi_lcd_module.o(.bss.Timer3_flag) for Timer3_flag
    ebi_lcd_module.o(.text.TMR3_IRQHandler) refers to ebi_lcd_module.o(.bss.Timer3_cnt) for Timer3_cnt
    ebi_lcd_module.o(.text.TMR3_IRQHandler) refers to ebi_lcd_module.o(.bss.timer_running) for timer_running
    ebi_lcd_module.o(.text.TMR3_IRQHandler) refers to ebi_lcd_module.o(.bss._game_ms_count) for _game_ms_count
    ebi_lcd_module.o(.text.TMR3_IRQHandler) refers to ebi_lcd_module.o(.bss.seconds) for seconds
    ebi_lcd_module.o(.text.TMR3_IRQHandler) refers to ebi_lcd_module.o(.bss.minutes) for minutes
    ebi_lcd_module.o(.ARM.exidx.text.TMR3_IRQHandler) refers to ebi_lcd_module.o(.text.TMR3_IRQHandler) for [Anonymous Symbol]
    ebi_lcd_module.o(.text.TimerDelay_Start) refers to ebi_lcd_module.o(.bss._td_active) for _td_active
    ebi_lcd_module.o(.text.TimerDelay_Start) refers to ebi_lcd_module.o(.bss._td_target) for _td_target
    ebi_lcd_module.o(.text.TimerDelay_Start) refers to ebi_lcd_module.o(.bss._td_ticks) for _td_ticks
    ebi_lcd_module.o(.text.TimerDelay_Start) refers to ebi_lcd_module.o(.bss._td_timeout) for _td_timeout
    ebi_lcd_module.o(.text.TimerDelay_Start) refers to printf8.o(i.__0printf$8) for __2printf
    ebi_lcd_module.o(.ARM.exidx.text.TimerDelay_Start) refers to ebi_lcd_module.o(.text.TimerDelay_Start) for [Anonymous Symbol]
    ebi_lcd_module.o(.text.TimerDelay_Done) refers to ebi_lcd_module.o(.bss._td_active) for _td_active
    ebi_lcd_module.o(.text.TimerDelay_Done) refers to ebi_lcd_module.o(.bss._td_ticks) for _td_ticks
[...]
    printf8.o(i.__0fprintf$8) refers to retarget.o(.text.fputc) for fputc
    printf8.o(i.__0printf$8) refers to printf8.o(i._printf_core) for _printf_core
    printf8.o(i.__0printf$8) refers to retarget.o(.text.fputc) for fputc
    printf8.o(i.__0printf$8) refers to retarget.o(.bss.__stdout) for __stdout
    printf8.o(i.__0snprintf$8) refers to printf8.o(i._printf_core) for _printf_core
    printf8.o(i.__0snprintf$8) refers to printf8.o(i._snputc) for _snputc
    printf8.o(i.__0sprintf$8) refers to printf8.o(i._printf_core) for _printf_core
    printf8.o(i.__0sprintf$8) refers to printf8.o(i._sputc) for _sputc
    printf8.o(i.__0vfprintf$8) refers to printf8.o(i._printf_core) for _printf_core
    printf8.o(i.__0vfprintf$8) refers to retarget.o(.text.fputc) for fputc
    printf8.o(i.__0vprintf$8) refers to printf8.o(i._printf_core) for _printf_core
    printf8.o(i.__0vprintf$8) refers to retarget.o(.text.fputc) for fputc
    printf8.o(i.__0vprintf$8) refers to retarget.o(.bss.__stdout) for __stdout
    printf8.o(i.__0vsnprintf$8) refers to printf8.o(i._printf_core) for _printf_core
    printf8.o(i.__0vsnprintf$8) refers to printf8.o(i._snputc) for _snputc
    printf8.o(i.__0vsprintf$8) refers to printf8.o(i._printf_core) for _printf_core
    printf8.o(i.__0vsprintf$8) refers to printf8.o(i._sputc) for _sputc
    printf8.o(i._printf_core) refers to printf8.o(i._printf_pre_padding) for _printf_pre_padding
    printf8.o(i._printf_core) refers to uldiv.o(.text) for __aeabi_uldivmod
    printf8.o(i._printf_core) refers to printf8.o(i._printf_post_padding) for _printf_post_padding
    printfa.o(i.__0fprintf) refers (Special) to iusefp.o(.text) for __I$use$fp
    printfa.o(i.__0fprintf) refers to printfa.o(i._printf_core) for _printf_core
    printfa.o(i.__0fprintf) refers to retarget.o(.text.fputc) for fputc
    printfa.o(i.__0printf) refers (Special) to iusefp.o(.text) for __I$use$fp
    printfa.o(i.__0printf) refers to printfa.o(i._printf_core) for _printf_core
    printfa.o(i.__0printf) refers to retarget.o(.text.fputc) for fputc
    printfa.o(i.__0printf) refers to retarget.o(.bss.__stdout) for __stdout
    printfa.o(i.__0snprintf) refers (Special) to iusefp.o(.text) for __I$use$fp
    printfa.o(i.__0snprintf) refers to printfa.o(i._printf_core) for _printf_core
    printfa.o(i.__0snprintf) refers to printfa.o(i._snputc) for _snputc
    printfa.o(i.__0sprintf) refers (Special) to iusefp.o(.text) for __I$use$fp
    printfa.o(i.__0sprintf) refers to printfa.o(i._printf_core) for _printf_core
    printfa.o(i.__0sprintf) refers to printfa.o(i._sputc) for _sputc
    printfa.o(i.__0vfprintf) refers (Special) to iusefp.o(.text) for __I$use$fp
    printfa.o(i.__0vfprintf) refers to printfa.o(i._printf_core) for _printf_core
    printfa.o(i.__0vfprintf) refers to retarget.o(.text.fputc) for fputc
    printfa.o(i.__0vprintf) refers (Special) to iusefp.o(.text) for __I$use$fp
    printfa.o(i.__0vprintf) refers to printfa.o(i._printf_core) for _printf_core
    printfa.o(i.__0vprintf) refers to retarget.o(.text.fputc) for fputc
    printfa.o(i.__0vprintf) refers to retarget.o(.bss.__stdout) for __stdout
    printfa.o(i.__0vsnprintf) refers (Special) to iusefp.o(.text) for __I$use$fp
    printfa.o(i.__0vsnprintf) refers to printfa.o(i._printf_core) for _printf_core
    printfa.o(i.__0vsnprintf) refers to printfa.o(i._snputc) for _snputc
    printfa.o(i.__0vsprintf) refers (Special) to iusefp.o(.text) for __I$use$fp
    printfa.o(i.__0vsprintf) refers to printfa.o(i._printf_core) for _printf_core
    printfa.o(i.__0vsprintf) refers to printfa.o(i._sputc) for _sputc
    printfa.o(i._fp_digits) refers (Special) to iusefp.o(.text) for __I$use$fp
    printfa.o(i._fp_digits) refers to dmul.o(.text) for __aeabi_dmul
    printfa.o(i._fp_digits) refers to ddiv.o(.text) for __aeabi_ddiv
    printfa.o(i._fp_digits) refers to cdrcmple.o(.text) for __aeabi_cdrcmple
    printfa.o(i._fp_digits) refers to dadd.o(.text) for __aeabi_dadd
    printfa.o(i._fp_digits) refers to dfixul.o(.text) for __aeabi_d2ulz
    printfa.o(i._fp_digits) refers to uldiv.o(.text) for __aeabi_uldivmod
    printfa.o(i._printf_core) refers (Special) to iusefp.o(.text) for __I$use$fp
    printfa.o(i._printf_core) refers to printfa.o(i._printf_pre_padding) for _printf_pre_padding
    printfa.o(i._printf_core) refers to uldiv.o(.text) for __aeabi_uldivmod
    printfa.o(i._printf_core) refers to printfa.o(i._printf_post_padding) for _printf_post_padding
    printfa.o(i._printf_core) refers to printfa.o(i._fp_digits) for _fp_digits
    printfa.o(i._printf_core) refers to uidiv.o(.text) for __aeabi_uidivmod
    printfa.o(i._printf_post_padding) refers (Special) to iusefp.o(.text) for __I$use$fp
    printfa.o(i._printf_pre_padding) refers (Special) to iusefp.o(.text) for __I$use$fp
    printfa.o(i._snputc) refers (Special) to iusefp.o(.text) for __I$use$fp
    printfa.o(i._sputc) refers (Special) to iusefp.o(.text) for __I$use$fp
    entry2.o(.ARM.Collect$$$$00000001) refers to entry2.o(.ARM.Collect$$$$00002712) for __lit__00000000
    entry2.o(.ARM.Collect$$$$00002712) refers to startup_m480.o(STACK) for __initial_sp
    entry2.o(__vectab_stack_and_reset_area) refers to startup_m480.o(STACK) for __initial_sp
    entry2.o(__vectab_stack_and_reset_area) refers to entry.o(.ARM.Collect$$$$00000000) for __main
    entry5.o(.ARM.Collect$$$$00000004) refers to init.o(.text) for __scatterload
    entry9a.o(.ARM.Collect$$$$0000000B) refers to main.o(.text.main) for main
    entry9b.o(.ARM.Collect$$$$0000000C) refers to main.o(.text.main) for main
    uldiv.o(.text) refers to llushr.o(.text) for __aeabi_llsr
    uldiv.o(.text) refers to llshl.o(.text) for __aeabi_llsl
    dadd.o(.text) refers (Special) to iusefp.o(.text) for __I$use$fp
    dadd.o(.text) refers to llshl.o(.text) for __aeabi_llsl
    dadd.o(.text) refers to llsshr.o(.text) for __aeabi_lasr
    dadd.o(.text) refers to depilogue.o(.text) for _double_epilogue
    dmul.o(.text) refers (Special) to iusefp.o(.text) for __I$use$fp
    dmul.o(.text) refers to depilogue.o(.text) for _double_epilogue
    ddiv.o(.text) refers (Special) to iusefp.o(.text) for __I$use$fp
    ddiv.o(.text) refers to depilogue.o(.text) for _double_round
    dfixul.o(.text) refers (Special) to iusefp.o(.text) for __I$use$fp
    dfixul.o(.text) refers to llushr.o(.text) for __aeabi_llsr
    dfixul.o(.text) refers to llshl.o(.text) for __aeabi_llsl
    cdrcmple.o(.text) refers (Special) to iusefp.o(.text) for __I$use$fp
    init.o(.text) refers to entry5.o(.ARM.Collect$$$$00000004) for __main_after_scatterload
    depilogue.o(.text) refers (Special) to iusefp.o(.text) for __I$use$fp
    depilogue.o(.text) refers to llshl.o(.text) for __aeabi_llsl
    depilogue.o(.text) refers to llushr.o(.text) for __aeabi_llsr


==============================================================================

Removing Unused input sections from the image.

    Removing system_m480.o(.text), (0 bytes).
    Removing system_m480.o(.ARM.exidx.text.SystemCoreClockUpdate), (8 bytes).
    Removing system_m480.o(.ARM.exidx.text.SystemInit), (8 bytes).
    Removing startup_m480.o(HEAP), (256 bytes).
    Removing main.o(.text), (0 bytes).
    Removing main.o(.ARM.exidx.text.main), (8 bytes).
    Removing main.o(.ARM.use_no_argv), (4 bytes).
    Removing ebi_lcd_module.o(.text), (0 bytes).
    Removing ebi_lcd_module.o(.ARM.exidx.text.Timer3_Init), (8 bytes).
    Removing ebi_lcd_module.o(.ARM.exidx.text.TMR3_IRQHandler), (8 bytes).
    Removing ebi_lcd_module.o(.ARM.exidx.text.TimerDelay_Start), (8 bytes).
    Removing ebi_lcd_module.o(.ARM.exidx.text.TimerDelay_Done), (8 bytes).
    Removing ebi_lcd_module.o(.text.LCD_WR_REG), (24 bytes).
    Removing ebi_lcd_module.o(.ARM.exidx.text.LCD_WR_REG), (8 bytes).
    Removing ebi_lcd_module.o(.text.LCD_WR_DATA), (10 bytes).
    Removing ebi_lcd_module.o(.ARM.exidx.text.LCD_WR_DATA), (8 bytes).
    Removing ebi_lcd_module.o(.text.LCD_SetWindow), (88 bytes).
    Removing ebi_lcd_module.o(.ARM.exidx.text.LCD_SetWindow), (8 bytes).
    Removing ebi_lcd_module.o(.ARM.exidx.text.ILI9341_Initial), (8 bytes).
    Removing ebi_lcd_module.o(.ARM.exidx.text.LCD_PutChar8x16), (8 bytes).
    Removing ebi_lcd_module.o(.ARM.exidx.text.LCD_PutString), (8 bytes).
    Removing ebi_lcd_module.o(.ARM.exidx.text.LCD_BlankArea), (8 bytes).
    Removing ebi_lcd_module.o(.bss.g_u32AdcIntFlag_TP), (4 bytes).
    Removing image.o(.text), (0 bytes).
    Removing image_16x32.o(.text), (0 bytes).
    Removing image_16x32.o(.rodata.Font16x32), (768 bytes).
    Removing sys_init.o(.text), (0 bytes).
    Removing sys_init.o(.ARM.exidx.text.SYS_Init), (8 bytes).
    Removing tetris_draw.o(.text), (0 bytes).
    Removing tetris_draw.o(.ARM.exidx.text.DrawTetromino), (8 bytes).
    Removing tetris_draw.o(.ARM.exidx.text.ClearTetromino), (8 bytes).
    Removing tetris_draw.o(.ARM.exidx.text.DrawNextTetromino), (8 bytes).
    Removing tetris_draw.o(.ARM.exidx.text.DrawBlock), (8 bytes).
    Removing playfield.o(.text), (0 bytes).
    Removing playfield.o(.text.DrawPlayfieldBackground), (86 bytes).
    Removing playfield.o(.ARM.exidx.text.DrawPlayfieldBackground), (8 bytes).
    Removing playfield.o(.ARM.exidx.text.DrawPlayfieldCellBackground), (8 bytes).
    Removing playfield.o(.ARM.exidx.text.ClearPlayfield), (8 bytes).
    Removing playfield.o(.text.RedrawPlayfield), (154 bytes).
    Removing playfield.o(.ARM.exidx.text.RedrawPlayfield), (8 bytes).
    Removing playfield.o(.ARM.exidx.text.CanPlaceTetromino), (8 bytes).
    Removing playfield.o(.ARM.exidx.text.LockTetromino), (8 bytes).
    Removing playfield.o(.ARM.exidx.text.CanMoveDown), (8 bytes).
    Removing playfield.o(.ARM.exidx.text.CanMoveLeft), (8 bytes).
    Removing playfield.o(.ARM.exidx.text.CanMoveRight), (8 bytes).
    Removing playfield.o(.ARM.exidx.text.CanRotate), (8 bytes).
    Removing playfield.o(.ARM.exidx.text.ClearFullLines), (8 bytes).
    Removing game_session.o(.text), (0 bytes).
    Removing game_session.o(.ARM.exidx.text.GameSession_WaitForStart), (8 bytes).
    Removing game_session.o(.ARM.exidx.text.GameSession_ConfigureControls), (8 bytes).
    Removing game_session.o(.ARM.exidx.text.GameSession_Begin), (8 bytes).
    Removing game_session.o(.ARM.exidx.text.ResetGameStats), (8 bytes).
    Removing game_session.o(.ARM.exidx.text.GameSession_Run), (8 bytes).
    Removing game_session.o(.ARM.exidx.text.LockActiveTetromino), (8 bytes).
    Removing game_screens.o(.text), (0 bytes).
    Removing game_screens.o(.ARM.exidx.text.RecordLeaderboardEntry), (8 bytes).
    Removing game_screens.o(.ARM.exidx.text.DrawScreenBorder), (8 bytes).
    Removing game_screens.o(.ARM.exidx.text.DrawGameplayScreen), (8 bytes).
    Removing game_screens.o(.ARM.exidx.text.DrawStartScreen), (8 bytes).
    Removing game_screens.o(.ARM.exidx.text.DrawGameOverScreen), (8 bytes).
    Removing game_screens.o(.ARM.exidx.text.DrawLeaderboardScreen), (8 bytes).
    Removing tetromino_spawn.o(.text), (0 bytes).
    Removing tetromino_spawn.o(.ARM.exidx.text.InitializeTetrominoQueue), (8 bytes).
    Removing tetromino_spawn.o(.ARM.exidx.text.SpawnQueuedTetromino), (8 bytes).
    Removing tetromino_rotation.o(.text), (0 bytes).
    Removing tetromino_rotation.o(.ARM.exidx.text.RotateTetrominoClockwiseWithKick), (8 bytes).
    Removing clk.o(.text), (0 bytes).
    Removing clk.o(.text.CLK_DisableCKO), (18 bytes).
    Removing clk.o(.ARM.exidx.text.CLK_DisableCKO), (8 bytes).
    Removing clk.o(.text.CLK_DisableModuleClock), (36 bytes).
    Removing clk.o(.ARM.exidx.text.CLK_DisableModuleClock), (8 bytes).
    Removing clk.o(.text.CLK_EnableCKO), (38 bytes).
    Removing clk.o(.ARM.exidx.text.CLK_EnableCKO), (8 bytes).
    Removing clk.o(.ARM.exidx.text.CLK_EnableModuleClock), (8 bytes).
    Removing clk.o(.ARM.exidx.text.CLK_SetModuleClock), (8 bytes).
    Removing clk.o(.text.CLK_PowerDown), (50 bytes).
    Removing clk.o(.ARM.exidx.text.CLK_PowerDown), (8 bytes).
    Removing clk.o(.text.CLK_Idle), (36 bytes).
    Removing clk.o(.ARM.exidx.text.CLK_Idle), (8 bytes).
    Removing clk.o(.text.CLK_GetHXTFreq), (28 bytes).
    Removing clk.o(.ARM.exidx.text.CLK_GetHXTFreq), (8 bytes).
    Removing clk.o(.text.CLK_GetLXTFreq), (20 bytes).
    Removing clk.o(.ARM.exidx.text.CLK_GetLXTFreq), (8 bytes).
    Removing clk.o(.text.CLK_GetPCLK0Freq), (128 bytes).
    Removing clk.o(.ARM.exidx.text.CLK_GetPCLK0Freq), (8 bytes).
    Removing clk.o(.text.CLK_GetPCLK1Freq), (130 bytes).
    Removing clk.o(.ARM.exidx.text.CLK_GetPCLK1Freq), (8 bytes).
    Removing clk.o(.text.CLK_GetHCLKFreq), (18 bytes).
    Removing clk.o(.ARM.exidx.text.CLK_GetHCLKFreq), (8 bytes).
    Removing clk.o(.text.CLK_GetCPUFreq), (18 bytes).
    Removing clk.o(.ARM.exidx.text.CLK_GetCPUFreq), (8 bytes).
    Removing clk.o(.ARM.exidx.text.CLK_SetCoreClock), (8 bytes).
    Removing clk.o(.ARM.exidx.text.CLK_WaitClockReady), (8 bytes).
    Removing clk.o(.ARM.exidx.text.CLK_EnablePLL), (8 bytes).
    Removing clk.o(.ARM.exidx.text.CLK_SetHCLK), (8 bytes).
    Removing clk.o(.text.CLK_SetSysTickClockSrc), (20 bytes).
    Removing clk.o(.ARM.exidx.text.CLK_SetSysTickClockSrc), (8 bytes).
    Removing clk.o(.ARM.exidx.text.CLK_EnableXtalRC), (8 bytes).
    Removing clk.o(.text.CLK_DisableXtalRC), (18 bytes).
    Removing clk.o(.ARM.exidx.text.CLK_DisableXtalRC), (8 bytes).
    Removing clk.o(.text.CLK_DisablePLL), (18 bytes).
    Removing clk.o(.ARM.exidx.text.CLK_DisablePLL), (8 bytes).
    Removing clk.o(.ARM.exidx.text.CLK_GetPLLClockFreq), (8 bytes).
    Removing clk.o(.text.CLK_EnableSysTick), (64 bytes).
    Removing clk.o(.ARM.exidx.text.CLK_EnableSysTick), (8 bytes).
    Removing clk.o(.text.CLK_DisableSysTick), (14 bytes).
    Removing clk.o(.ARM.exidx.text.CLK_DisableSysTick), (8 bytes).
    Removing clk.o(.text.CLK_SetPowerDownMode), (168 bytes).
    Removing clk.o(.ARM.exidx.text.CLK_SetPowerDownMode), (8 bytes).
    Removing clk.o(.text.CLK_EnableDPDWKPin), (86 bytes).
    Removing clk.o(.ARM.exidx.text.CLK_EnableDPDWKPin), (8 bytes).
    Removing clk.o(.text.CLK_GetPMUWKSrc), (12 bytes).
    Removing clk.o(.ARM.exidx.text.CLK_GetPMUWKSrc), (8 bytes).
    Removing clk.o(.text.CLK_EnableSPDWKPin), (40 bytes).
    Removing clk.o(.ARM.exidx.text.CLK_EnableSPDWKPin), (8 bytes).
    Removing clk.o(.text.CLK_GetModuleClockSource), (180 bytes).
    Removing clk.o(.ARM.exidx.text.CLK_GetModuleClockSource), (8 bytes).
    Removing clk.o(.text.CLK_GetModuleClockDivider), (100 bytes).
    Removing clk.o(.ARM.exidx.text.CLK_GetModuleClockDivider), (8 bytes).
    Removing retarget.o(.text), (0 bytes).
    Removing retarget.o(.text.__aeabi_assert), (316 bytes).
    Removing retarget.o(.ARM.exidx.text.__aeabi_assert), (8 bytes).
    Removing retarget.o(.text.abort), (2 bytes).
    Removing retarget.o(.ARM.exidx.text.abort), (8 bytes).
    Removing retarget.o(.ARM.exidx.text.ProcessHardFault), (8 bytes).
    Removing retarget.o(.text.SendChar_ToUART), (74 bytes).
    Removing retarget.o(.ARM.exidx.text.SendChar_ToUART), (8 bytes).
    Removing retarget.o(.text.SendChar), (74 bytes).
    Removing retarget.o(.ARM.exidx.text.SendChar), (8 bytes).
    Removing retarget.o(.text.GetChar), (40 bytes).
    Removing retarget.o(.ARM.exidx.text.GetChar), (8 bytes).
    Removing retarget.o(.text.kbhit), (14 bytes).
    Removing retarget.o(.ARM.exidx.text.kbhit), (8 bytes).
    Removing retarget.o(.text.IsDebugFifoEmpty), (14 bytes).
    Removing retarget.o(.ARM.exidx.text.IsDebugFifoEmpty), (8 bytes).
    Removing retarget.o(.text._ttywrch), (74 bytes).
    Removing retarget.o(.ARM.exidx.text._ttywrch), (8 bytes).
    Removing retarget.o(.ARM.exidx.text.fputc), (8 bytes).
    Removing retarget.o(.text.fgetc), (40 bytes).
    Removing retarget.o(.ARM.exidx.text.fgetc), (8 bytes).
    Removing retarget.o(.text.ferror), (6 bytes).
    Removing retarget.o(.ARM.exidx.text.ferror), (8 bytes).
    Removing retarget.o(.bss.__stdin), (84 bytes).
    Removing sys.o(.text), (0 bytes).
    Removing sys.o(.text.SYS_ClearResetSrc), (14 bytes).
    Removing sys.o(.ARM.exidx.text.SYS_ClearResetSrc), (8 bytes).
    Removing sys.o(.text.SYS_GetBODStatus), (14 bytes).
    Removing sys.o(.ARM.exidx.text.SYS_GetBODStatus), (8 bytes).
    Removing sys.o(.text.SYS_GetResetSrc), (10 bytes).
    Removing sys.o(.ARM.exidx.text.SYS_GetResetSrc), (8 bytes).
    Removing sys.o(.text.SYS_IsRegLocked), (18 bytes).
    Removing sys.o(.ARM.exidx.text.SYS_IsRegLocked), (8 bytes).
    Removing sys.o(.text.SYS_ReadPDID), (8 bytes).
    Removing sys.o(.ARM.exidx.text.SYS_ReadPDID), (8 bytes).
    Removing sys.o(.text.SYS_ResetChip), (16 bytes).
    Removing sys.o(.ARM.exidx.text.SYS_ResetChip), (8 bytes).
    Removing sys.o(.text.SYS_ResetCPU), (16 bytes).
    Removing sys.o(.ARM.exidx.text.SYS_ResetCPU), (8 bytes).
    Removing sys.o(.text.SYS_ResetModule), (36 bytes).
    Removing sys.o(.ARM.exidx.text.SYS_ResetModule), (8 bytes).
    Removing sys.o(.text.SYS_EnableBOD), (36 bytes).
    Removing sys.o(.ARM.exidx.text.SYS_EnableBOD), (8 bytes).
    Removing sys.o(.text.SYS_DisableBOD), (16 bytes).
    Removing sys.o(.ARM.exidx.text.SYS_DisableBOD), (8 bytes).
    Removing sys.o(.text.SYS_SetPowerLevel), (20 bytes).
    Removing sys.o(.ARM.exidx.text.SYS_SetPowerLevel), (8 bytes).
    Removing sys.o(.text.SYS_SetVRef), (18 bytes).
    Removing sys.o(.ARM.exidx.text.SYS_SetVRef), (8 bytes).
    Removing timer.o(.text), (0 bytes).
    Removing timer.o(.text.TIMER_Open), (170 bytes).
    Removing timer.o(.ARM.exidx.text.TIMER_Open), (8 bytes).
    Removing timer.o(.text.TIMER_GetModuleClock), (104 bytes).
    Removing timer.o(.ARM.exidx.text.TIMER_GetModuleClock), (8 bytes).
    Removing timer.o(.text.TIMER_Close), (8 bytes).
    Removing timer.o(.ARM.exidx.text.TIMER_Close), (8 bytes).
    Removing timer.o(.text.TIMER_Delay), (430 bytes).
    Removing timer.o(.ARM.exidx.text.TIMER_Delay), (8 bytes).
    Removing timer.o(.text.TIMER_EnableCapture), (24 bytes).
    Removing timer.o(.ARM.exidx.text.TIMER_EnableCapture), (8 bytes).
    Removing timer.o(.text.TIMER_DisableCapture), (10 bytes).
    Removing timer.o(.ARM.exidx.text.TIMER_DisableCapture), (8 bytes).
    Removing timer.o(.text.TIMER_EnableEventCounter), (20 bytes).
    Removing timer.o(.ARM.exidx.text.TIMER_EnableEventCounter), (8 bytes).
    Removing timer.o(.text.TIMER_DisableEventCounter), (10 bytes).
    Removing timer.o(.ARM.exidx.text.TIMER_DisableEventCounter), (8 bytes).
    Removing timer.o(.text.TIMER_EnableFreqCounter), (66 bytes).
    Removing timer.o(.ARM.exidx.text.TIMER_EnableFreqCounter), (8 bytes).
    Removing timer.o(.text.TIMER_DisableFreqCounter), (10 bytes).
    Removing timer.o(.ARM.exidx.text.TIMER_DisableFreqCounter), (8 bytes).
    Removing timer.o(.text.TIMER_SetTriggerSource), (12 bytes).
    Removing timer.o(.ARM.exidx.text.TIMER_SetTriggerSource), (8 bytes).
    Removing timer.o(.text.TIMER_SetTriggerTarget), (12 bytes).
    Removing timer.o(.ARM.exidx.text.TIMER_SetTriggerTarget), (8 bytes).
    Removing timer.o(.text.TIMER_ResetCounter), (216 bytes).
    Removing timer.o(.ARM.exidx.text.TIMER_ResetCounter), (8 bytes).
    Removing timer.o(.rodata.cst32), (32 bytes).
    Removing uart.o(.text), (0 bytes).
    Removing uart.o(.text.UART_ClearIntFlag), (62 bytes).
    Removing uart.o(.ARM.exidx.text.UART_ClearIntFlag), (8 bytes).
    Removing uart.o(.text.UART_Close), (6 bytes).
    Removing uart.o(.ARM.exidx.text.UART_Close), (8 bytes).
    Removing uart.o(.text.UART_DisableFlowCtrl), (10 bytes).
    Removing uart.o(.ARM.exidx.text.UART_DisableFlowCtrl), (8 bytes).
    Removing uart.o(.text.UART_DisableInt), (10 bytes).
    Removing uart.o(.ARM.exidx.text.UART_DisableInt), (8 bytes).
    Removing uart.o(.text.UART_EnableFlowCtrl), (26 bytes).
    Removing uart.o(.ARM.exidx.text.UART_EnableFlowCtrl), (8 bytes).
    Removing uart.o(.text.UART_EnableInt), (8 bytes).
    Removing uart.o(.ARM.exidx.text.UART_EnableInt), (8 bytes).
    Removing uart.o(.ARM.exidx.text.UART_Open), (8 bytes).
    Removing uart.o(.text.UART_Read), (190 bytes).
    Removing uart.o(.ARM.exidx.text.UART_Read), (8 bytes).
    Removing uart.o(.text.UART_SetLineConfig), (344 bytes).
    Removing uart.o(.ARM.exidx.text.UART_SetLineConfig), (8 bytes).
    Removing uart.o(.text.UART_SetTimeoutCnt), (20 bytes).
    Removing uart.o(.ARM.exidx.text.UART_SetTimeoutCnt), (8 bytes).
    Removing uart.o(.text.UART_SelectIrDAMode), (358 bytes).
    Removing uart.o(.ARM.exidx.text.UART_SelectIrDAMode), (8 bytes).
    Removing uart.o(.text.UART_SelectRS485Mode), (34 bytes).
    Removing uart.o(.ARM.exidx.text.UART_SelectRS485Mode), (8 bytes).
    Removing uart.o(.text.UART_SelectLINMode), (22 bytes).
    Removing uart.o(.ARM.exidx.text.UART_SelectLINMode), (8 bytes).
    Removing uart.o(.text.UART_Write), (190 bytes).
    Removing uart.o(.ARM.exidx.text.UART_Write), (8 bytes).
    Removing uart.o(.rodata.cst16), (16 bytes).
    Removing gpio.o(.text), (0 bytes).
    Removing gpio.o(.ARM.exidx.text.GPIO_SetMode), (8 bytes).
    Removing gpio.o(.text.GPIO_EnableInt), (50 bytes).
    Removing gpio.o(.ARM.exidx.text.GPIO_EnableInt), (8 bytes).
    Removing gpio.o(.text.GPIO_DisableInt), (30 bytes).
    Removing gpio.o(.ARM.exidx.text.GPIO_DisableInt), (8 bytes).
    Removing gpio.o(.text.GPIO_SetSlewCtl), (264 bytes).
    Removing gpio.o(.ARM.exidx.text.GPIO_SetSlewCtl), (8 bytes).
    Removing gpio.o(.text.GPIO_SetPullCtl), (264 bytes).
    Removing gpio.o(.ARM.exidx.text.GPIO_SetPullCtl), (8 bytes).
    Removing eadc.o(.text), (0 bytes).
    Removing eadc.o(.text.EADC_Open), (104 bytes).
    Removing eadc.o(.ARM.exidx.text.EADC_Open), (8 bytes).
    Removing eadc.o(.text.EADC_Close), (10 bytes).
    Removing eadc.o(.ARM.exidx.text.EADC_Close), (8 bytes).
    Removing eadc.o(.text.EADC_ConfigSampleModule), (38 bytes).
    Removing eadc.o(.ARM.exidx.text.EADC_ConfigSampleModule), (8 bytes).
    Removing eadc.o(.text.EADC_SetTriggerDelayTime), (36 bytes).
    Removing eadc.o(.ARM.exidx.text.EADC_SetTriggerDelayTime), (8 bytes).
    Removing eadc.o(.text.EADC_SetExtendSampleTime), (30 bytes).
    Removing eadc.o(.ARM.exidx.text.EADC_SetExtendSampleTime), (8 bytes).
    Removing eadc.o(.bss.g_EADC_i32ErrCode), (4 bytes).
    Removing ebi.o(.text), (0 bytes).
    Removing ebi.o(.ARM.exidx.text.EBI_Open), (8 bytes).
    Removing ebi.o(.text.EBI_Close), (18 bytes).
    Removing ebi.o(.ARM.exidx.text.EBI_Close), (8 bytes).
    Removing ebi.o(.text.EBI_SetBusTiming), (36 bytes).
    Removing ebi.o(.ARM.exidx.text.EBI_SetBusTiming), (8 bytes).
    Removing dadd.o(.text), (334 bytes).
    Removing dmul.o(.text), (228 bytes).
    Removing ddiv.o(.text), (222 bytes).
    Removing dfixul.o(.text), (48 bytes).
    Removing cdrcmple.o(.text), (48 bytes).
    Removing depilogue.o(.text), (186 bytes).

259 unused section(s) (total 9076 bytes) removed from the image.

==============================================================================

Image Symbol Table

    Local Symbols

    Symbol Name                              Value     Ov Type        Size  Object(Section)

    ../clib/division.s                       0x00000000   Number         0  aeabi_sdiv.o ABSOLUTE
    ../clib/microlib/division.c              0x00000000   Number         0  uidiv.o ABSOLUTE
    ../clib/microlib/division.c              0x00000000   Number         0  uldiv.o ABSOLUTE
    ../clib/microlib/init/entry.s            0x00000000   Number         0  entry.o ABSOLUTE
    ../clib/microlib/init/entry.s            0x00000000   Number         0  entry2.o ABSOLUTE
    ../clib/microlib/init/entry.s            0x00000000   Number         0  entry5.o ABSOLUTE
    ../clib/microlib/init/entry.s            0x00000000   Number         0  entry7a.o ABSOLUTE
    ../clib/microlib/init/entry.s            0x00000000   Number         0  entry7b.o ABSOLUTE
    ../clib/microlib/init/entry.s            0x00000000   Number         0  entry8a.o ABSOLUTE
    ../clib/microlib/init/entry.s            0x00000000   Number         0  entry8b.o ABSOLUTE
    ../clib/microlib/init/entry.s            0x00000000   Number         0  entry9a.o ABSOLUTE
    ../clib/microlib/init/entry.s            0x00000000   Number         0  entry9b.o ABSOLUTE
    ../clib/microlib/init/entry.s            0x00000000   Number         0  entry10a.o ABSOLUTE
    ../clib/microlib/init/entry.s            0x00000000   Number         0  entry10b.o ABSOLUTE
    ../clib/microlib/init/entry.s            0x00000000   Number         0  entry11a.o ABSOLUTE
    ../clib/microlib/init/entry.s            0x00000000   Number         0  entry11b.o ABSOLUTE
    ../clib/microlib/longlong.c              0x00000000   Number         0  llshl.o ABSOLUTE
    ../clib/microlib/longlong.c              0x00000000   Number         0  llushr.o ABSOLUTE
    ../clib/microlib/longlong.c              0x00000000   Number         0  llsshr.o ABSOLUTE
    ../clib/microlib/printf/printf.c         0x00000000   Number         0  printfb.o ABSOLUTE
    ../clib/microlib/printf/printf.c         0x00000000   Number         0  printf0.o ABSOLUTE
    ../clib/microlib/printf/printf.c         0x00000000   Number         0  printf1.o ABSOLUTE
    ../clib/microlib/printf/printf.c         0x00000000   Number         0  printf2.o ABSOLUTE
    ../clib/microlib/printf/printf.c         0x00000000   Number         0  printf3.o ABSOLUTE
    ../clib/microlib/printf/printf.c         0x00000000   Number         0  printf4.o ABSOLUTE
    ../clib/microlib/printf/printf.c         0x00000000   Number         0  printf5.o ABSOLUTE
    ../clib/microlib/printf/printf.c         0x00000000   Number         0  printf6.o ABSOLUTE
    ../clib/microlib/printf/printf.c         0x00000000   Number         0  printf7.o ABSOLUTE
    ../clib/microlib/printf/printf.c         0x00000000   Number         0  printf8.o ABSOLUTE
    ../clib/microlib/printf/printf.c         0x00000000   Number         0  printfa.o ABSOLUTE
    ../clib/microlib/printf/stubs.s          0x00000000   Number         0  printfstubs.o ABSOLUTE
    ../clib/microlib/stdio/fputs.c           0x00000000   Number         0  fputs.o ABSOLUTE
    ../clib/microlib/stdio/fputs.c           0x00000000   Number         0  fputs_e.o ABSOLUTE
    ../clib/microlib/stdio/fwrite.c          0x00000000   Number         0  fwrite.o ABSOLUTE
    ../clib/microlib/stdio/fwrite.c          0x00000000   Number         0  fwrite_e.o ABSOLUTE
    ../clib/microlib/stdio/puts.c            0x00000000   Number         0  puts.o ABSOLUTE
    ../clib/microlib/stdio/puts.c            0x00000000   Number         0  puts_e.o ABSOLUTE
    ../clib/microlib/stdio/streams.c         0x00000000   Number         0  stderr.o ABSOLUTE
    ../clib/microlib/string/memset.c         0x00000000   Number         0  memseta.o ABSOLUTE
    ../clib/microlib/stubs.s                 0x00000000   Number         0  iusefp.o ABSOLUTE
    ../fplib/microlib/fpadd.c                0x00000000   Number         0  dadd.o ABSOLUTE
    ../fplib/microlib/fpdiv.c                0x00000000   Number         0  ddiv.o ABSOLUTE
    ../fplib/microlib/fpepilogue.c           0x00000000   Number         0  depilogue.o ABSOLUTE
    ../fplib/microlib/fpfix.c                0x00000000   Number         0  dfixul.o ABSOLUTE
    ../fplib/microlib/fpmul.c                0x00000000   Number         0  dmul.o ABSOLUTE
    EBI_LCD_Module.c                         0x00000000   Number         0  ebi_lcd_module.o ABSOLUTE
    Library/Device/Nuvoton/M480/Source/ARM/startup_M480.s 0x00000000   Number         0  startup_m480.o ABSOLUTE
    cdrcmple.s                               0x00000000   Number         0  cdrcmple.o ABSOLUTE
    clk.c                                    0x00000000   Number         0  clk.o ABSOLUTE
    eadc.c                                   0x00000000   Number         0  eadc.o ABSOLUTE
    ebi.c                                    0x00000000   Number         0  ebi.o ABSOLUTE
    game_screens.c                           0x00000000   Number         0  game_screens.o ABSOLUTE
    game_session.c                           0x00000000   Number         0  game_session.o ABSOLUTE
    gpio.c                                   0x00000000   Number         0  gpio.o ABSOLUTE
    handlers.s                               0x00000000   Number         0  handlers.o ABSOLUTE
    image.c                                  0x00000000   Number         0  image.o ABSOLUTE
    image_16x32.c                            0x00000000   Number         0  image_16x32.o ABSOLUTE
    init.s                                   0x00000000   Number         0  init.o ABSOLUTE
    main.c                                   0x00000000   Number         0  main.o ABSOLUTE
    playfield.c                              0x00000000   Number         0  playfield.o ABSOLUTE
    retarget.c                               0x00000000   Number         0  retarget.o ABSOLUTE
    sys.c                                    0x00000000   Number         0  sys.o ABSOLUTE
    sys_init.c                               0x00000000   Number         0  sys_init.o ABSOLUTE
    system_M480.c                            0x00000000   Number         0  system_m480.o ABSOLUTE
    tetris_draw.c                            0x00000000   Number         0  tetris_draw.o ABSOLUTE
    tetromino_rotation.c                     0x00000000   Number         0  tetromino_rotation.o ABSOLUTE
    tetromino_spawn.c                        0x00000000   Number         0  tetromino_spawn.o ABSOLUTE
    timer.c                                  0x00000000   Number         0  timer.o ABSOLUTE
    uart.c                                   0x00000000   Number         0  uart.o ABSOLUTE
    RESET                                    0x00000000   Section      500  startup_m480.o(RESET)
    .ARM.Collect$$$$00000000                 0x000001f4   Section        0  entry.o(.ARM.Collect$$$$00000000)
    .ARM.Collect$$$$00000001                 0x000001f4   Section        4  entry2.o(.ARM.Collect$$$$00000001)
    .ARM.Collect$$$$00000004                 0x000001f8   Section        4  entry5.o(.ARM.Collect$$$$00000004)
    .ARM.Collect$$$$00000008                 0x000001fc   Section        0  entry7b.o(.ARM.Collect$$$$00000008)
    .ARM.Collect$$$$0000000A                 0x000001fc   Section        0  entry8b.o(.ARM.Collect$$$$0000000A)
    .ARM.Collect$$$$0000000B                 0x000001fc   Section        8  entry9a.o(.ARM.Collect$$$$0000000B)
    __lit__00000000                          0x00000204   Data           4  entry2.o(.ARM.Collect$$$$00002712)
    .ARM.Collect$$$$0000000D                 0x00000204   Section        0  entry10a.o(.ARM.Collect$$$$0000000D)
    .ARM.Collect$$$$0000000F                 0x00000204   Section        0  entry11a.o(.ARM.Collect$$$$0000000F)
    .ARM.Collect$$$$00002712                 0x00000204   Section        4  entry2.o(.ARM.Collect$$$$00002712)
    $v0                                      0x00000208   Number         0  startup_m480.o(.text)
    .text                                    0x00000208   Section      124  startup_m480.o(.text)
    Default_Handler                          0x00000269   Thumb Code     2  startup_m480.o(.text)
    .text                                    0x00000284   Section        0  memseta.o(.text)
    .text                                    0x000002a8   Section        0  uldiv.o(.text)
    .text                                    0x0000030c   Section       48  init.o(.text)
    .text                                    0x0000033c   Section        0  llshl.o(.text)
    .text                                    0x0000035a   Section        0  llushr.o(.text)
    [Anonymous Symbol]                       0x0000037c   Section        0  clk.o(.text.CLK_EnableModuleClock)
    [Anonymous Symbol]                       0x000003a0   Section        0  clk.o(.text.CLK_EnablePLL)
    [Anonymous Symbol]                       0x000008f4   Section        0  clk.o(.text.CLK_EnableXtalRC)
    [Anonymous Symbol]                       0x00000904   Section        0  clk.o(.text.CLK_GetPLLClockFreq)
    [Anonymous Symbol]                       0x0000095c   Section        0  clk.o(.text.CLK_SetCoreClock)
    [Anonymous Symbol]                       0x00000aac   Section        0  clk.o(.text.CLK_SetHCLK)
    [Anonymous Symbol]                       0x00000b54   Section        0  clk.o(.text.CLK_SetModuleClock)
    [Anonymous Symbol]                       0x00000bf4   Section        0  clk.o(.text.CLK_WaitClockReady)
    [Anonymous Symbol]                       0x00000c60   Section        0  playfield.o(.text.CanMoveDown)
    [Anonymous Symbol]                       0x00000c68   Section        0  playfield.o(.text.CanMoveLeft)
    [Anonymous Symbol]                       0x00000c70   Section        0  playfield.o(.text.CanMoveRight)
    [Anonymous Symbol]                       0x00000c78   Section        0  playfield.o(.text.CanPlaceTetromino)
    [Anonymous Symbol]                       0x00000d70   Section        0  playfield.o(.text.CanRotate)
    [Anonymous Symbol]                       0x00000d74   Section        0  playfield.o(.text.ClearFullLines)
    [Anonymous Symbol]                       0x00000fb4   Section        0  playfield.o(.text.ClearPlayfield)
    [Anonymous Symbol]                       0x00001028   Section        0  tetris_draw.o(.text.ClearTetromino)
    [Anonymous Symbol]                       0x000010c4   Section        0  tetris_draw.o(.text.DrawBlock)
    [Anonymous Symbol]                       0x000010f0   Section        0  game_screens.o(.text.DrawGameOverScreen)
    [Anonymous Symbol]                       0x00001294   Section        0  game_screens.o(.text.DrawGameplayScreen)
    [Anonymous Symbol]                       0x000013e4   Section        0  game_screens.o(.text.DrawLeaderboardScreen)
    [Anonymous Symbol]                       0x00001574   Section        0  tetris_draw.o(.text.DrawNextTetromino)
    [Anonymous Symbol]                       0x000016dc   Section        0  playfield.o(.text.DrawPlayfieldCellBackground)
    [Anonymous Symbol]                       0x00001744   Section        0  game_screens.o(.text.DrawScreenBorder)
    [Anonymous Symbol]                       0x00001824   Section        0  game_screens.o(.text.DrawStartScreen)
    [Anonymous Symbol]                       0x00001aa0   Section        0  tetris_draw.o(.text.DrawTetromino)
    [Anonymous Symbol]                       0x00001b60   Section        0  ebi.o(.text.EBI_Open)
    [Anonymous Symbol]                       0x00001c84   Section        0  gpio.o(.text.GPIO_SetMode)
    [Anonymous Symbol]                       0x00001d8c   Section        0  game_session.o(.text.GameSession_Begin)
    [Anonymous Symbol]                       0x00001e0c   Section        0  game_session.o(.text.GameSession_ConfigureControls)
    [Anonymous Symbol]                       0x00001ee0   Section        0  game_session.o(.text.GameSession_Run)
    __arm_cp.4_3                             0x00001fec   Number         4  game_session.o(.text.GameSession_Run)
    __arm_cp.4_4                             0x00001ff0   Number         4  game_session.o(.text.GameSession_Run)
    [Anonymous Symbol]                       0x000023ac   Section        0  game_session.o(.text.GameSession_WaitForStart)
    [Anonymous Symbol]                       0x00002460   Section        0  ebi_lcd_module.o(.text.ILI9341_Initial)
    [Anonymous Symbol]                       0x00002750   Section        0  tetromino_spawn.o(.text.InitializeTetrominoQueue)
    [Anonymous Symbol]                       0x0000279c   Section        0  ebi_lcd_module.o(.text.LCD_BlankArea)
    [Anonymous Symbol]                       0x00002a24   Section        0  ebi_lcd_module.o(.text.LCD_PutChar8x16)
    [Anonymous Symbol]                       0x00002c18   Section        0  ebi_lcd_module.o(.text.LCD_PutString)
    LockActiveTetromino                      0x00002c65   Thumb Code   244  game_session.o(.text.LockActiveTetromino)
    [Anonymous Symbol]                       0x00002c64   Section        0  game_session.o(.text.LockActiveTetromino)
    [Anonymous Symbol]                       0x00002d60   Section        0  playfield.o(.text.LockTetromino)
    [Anonymous Symbol]                       0x00002ee4   Section        0  retarget.o(.text.ProcessHardFault)
    [Anonymous Symbol]                       0x00003080   Section        0  game_screens.o(.text.RecordLeaderboardEntry)
    ResetGameStats                           0x00003311   Thumb Code   264  game_session.o(.text.ResetGameStats)
    [Anonymous Symbol]                       0x00003310   Section        0  game_session.o(.text.ResetGameStats)
    [Anonymous Symbol]                       0x00003418   Section        0  tetromino_rotation.o(.text.RotateTetrominoClockwiseWithKick)
    [Anonymous Symbol]                       0x000034c4   Section        0  sys_init.o(.text.SYS_Init)
    [Anonymous Symbol]                       0x000035e8   Section        0  tetromino_spawn.o(.text.SpawnQueuedTetromino)
    [Anonymous Symbol]                       0x00003644   Section        0  system_m480.o(.text.SystemCoreClockUpdate)
    [Anonymous Symbol]                       0x000036ac   Section        0  system_m480.o(.text.SystemInit)
    [Anonymous Symbol]                       0x0000371c   Section        0  ebi_lcd_module.o(.text.TMR3_IRQHandler)
    [Anonymous Symbol]                       0x000037a0   Section        0  ebi_lcd_module.o(.text.Timer3_Init)
    [Anonymous Symbol]                       0x0000382c   Section        0  ebi_lcd_module.o(.text.TimerDelay_Done)
    [Anonymous Symbol]                       0x000038bc   Section        0  ebi_lcd_module.o(.text.TimerDelay_Start)
    [Anonymous Symbol]                       0x00003908   Section        0  uart.o(.text.UART_Open)
    [Anonymous Symbol]                       0x00003a7c   Section        0  retarget.o(.text.fputc)
    [Anonymous Symbol]                       0x00003ac8   Section        0  main.o(.text.main)
    i.__0printf$8                            0x00003b7c   Section        0  printf8.o(i.__0printf$8)
    i.__0sprintf$8                           0x00003b9c   Section        0  printf8.o(i.__0sprintf$8)
    i.__scatterload_copy                     0x00003bc4   Section       14  handlers.o(i.__scatterload_copy)
    i.__scatterload_null                     0x00003bd2   Section        2  handlers.o(i.__scatterload_null)
    i.__scatterload_zeroinit                 0x00003bd4   Section       14  handlers.o(i.__scatterload_zeroinit)
    _printf_core                             0x00003be5   Thumb Code   996  printf8.o(i._printf_core)
    i._printf_core                           0x00003be4   Section        0  printf8.o(i._printf_core)
    _printf_post_padding                     0x00003ff5   Thumb Code    36  printf8.o(i._printf_post_padding)
    i._printf_post_padding                   0x00003ff4   Section        0  printf8.o(i._printf_post_padding)
    _printf_pre_padding                      0x00004019   Thumb Code    46  printf8.o(i._printf_pre_padding)
    i._printf_pre_padding                    0x00004018   Section        0  printf8.o(i._printf_pre_padding)
    _sputc                                   0x00004047   Thumb Code    10  printf8.o(i._sputc)
    i._sputc                                 0x00004046   Section        0  printf8.o(i._sputc)
    i.puts                                   0x00004050   Section        0  puts.o(i.puts)
    DrawBlock.colors                         0x00004074   Data          14  tetris_draw.o(.rodata.DrawBlock.colors)
    [Anonymous Symbol]                       0x00004074   Section        0  tetris_draw.o(.rodata.DrawBlock.colors)
    .L__const.CLK_GetPLLClockFreq.au8NoTbl   0x00004882   Data           4  clk.o(.rodata.cst4)
    game_over_bitmap                         0x00004886   Data       10812  game_screens.o(.rodata.game_over_bitmap)
    [Anonymous Symbol]                       0x00004886   Section        0  game_screens.o(.rodata.game_over_bitmap)
    start_logo_rgb565                        0x000072c2   Data        9964  game_screens.o(.rodata.start_logo_rgb565)
    [Anonymous Symbol]                       0x000072c2   Section        0  game_screens.o(.rodata.start_logo_rgb565)
    start_skyline_rgb565                     0x000099ae   Data       10812  game_screens.o(.rodata.start_skyline_rgb565)
    [Anonymous Symbol]                       0x000099ae   Section        0  game_screens.o(.rodata.start_skyline_rgb565)
    .L.str                                   0x0000c3ea   Data           7  game_session.o(.rodata.str1.1)
    [Anonymous Symbol]                       0x0000c3ea   Section        0  game_session.o(.rodata.str1.1)
    .L.str.1                                 0x0000c3f1   Data           3  game_session.o(.rodata.str1.1)
    .L.str.22                                0x0000c3f1   Data           3  game_session.o(.rodata.str1.1)
    .L.str.2                                 0x0000c3f4   Data          10  game_session.o(.rodata.str1.1)
    .L.str.6                                 0x0000c3fe   Data           4  game_screens.o(.rodata.str1.1)
    [Anonymous Symbol]                       0x0000c3fe   Section        0  game_screens.o(.rodata.str1.1)
    .L.str.8                                 0x0000c402   Data           4  game_screens.o(.rodata.str1.1)
    .L.str.3                                 0x0000c406   Data           5  game_screens.o(.rodata.str1.1)
    .L.str.2                                 0x0000c40b   Data           6  game_screens.o(.rodata.str1.1)
    .L.str.4                                 0x0000c411   Data           6  game_screens.o(.rodata.str1.1)
    .L.str.9                                 0x0000c417   Data           3  game_screens.o(.rodata.str1.1)
    .L.str.8                                 0x0000c41a   Data          32  retarget.o(.rodata.str1.1)
    [Anonymous Symbol]                       0x0000c41a   Section        0  retarget.o(.rodata.str1.1)
    .L.str.11                                0x0000c43a   Data          29  retarget.o(.rodata.str1.1)
    .L.str.7                                 0x0000c457   Data          27  retarget.o(.rodata.str1.1)
    .L.str.9                                 0x0000c472   Data           4  retarget.o(.rodata.str1.1)
    .L.str.10                                0x0000c476   Data           4  retarget.o(.rodata.str1.1)
    .Lstr.16                                 0x0000c47a   Data          35  retarget.o(.rodata.str1.1)
    tetro                                    0x0000c49d   Data         224  tetris_draw.o(.rodata.tetro)
    [Anonymous Symbol]                       0x0000c49d   Section        0  tetris_draw.o(.rodata.tetro)
    tetro                                    0x0000c57d   Data         224  playfield.o(.rodata.tetro)
    [Anonymous Symbol]                       0x0000c57d   Section        0  playfield.o(.rodata.tetro)
    g_buttons.0                              0x2000000c   Data           1  game_session.o(.data.g_buttons.0)
    [Anonymous Symbol]                       0x2000000c   Section        0  game_session.o(.data.g_buttons.0)
    g_buttons.1                              0x2000000d   Data           1  game_session.o(.data.g_buttons.1)
    [Anonymous Symbol]                       0x2000000d   Section        0  game_session.o(.data.g_buttons.1)
    g_buttons.2                              0x2000000e   Data           1  game_session.o(.data.g_buttons.2)
    [Anonymous Symbol]                       0x2000000e   Section        0  game_session.o(.data.g_buttons.2)
    g_buttons.3                              0x2000000f   Data           1  game_session.o(.data.g_buttons.3)
    [Anonymous Symbol]                       0x2000000f   Section        0  game_session.o(.data.g_buttons.3)
    g_buttons.4                              0x20000010   Data           1  game_session.o(.data.g_buttons.4)
    [Anonymous Symbol]                       0x20000010   Section        0  game_session.o(.data.g_buttons.4)
    g_buttons.5                              0x20000011   Data           1  game_session.o(.data.g_buttons.5)
    [Anonymous Symbol]                       0x20000011   Section        0  game_session.o(.data.g_buttons.5)
    _game_ms_count                           0x20000090   Data           1  ebi_lcd_module.o(.bss._game_ms_count)
    [Anonymous Symbol]                       0x20000090   Section        0  ebi_lcd_module.o(.bss._game_ms_count)
    _next_piece                              0x20000091   Data           1  tetromino_spawn.o(.bss._next_piece)
    [Anonymous Symbol]                       0x20000091   Section        0  tetromino_spawn.o(.bss._next_piece)
    _td_active                               0x20000092   Data           1  ebi_lcd_module.o(.bss._td_active)
    [Anonymous Symbol]                       0x20000092   Section        0  ebi_lcd_module.o(.bss._td_active)
    _td_target                               0x20000093   Data           1  ebi_lcd_module.o(.bss._td_target)
    [Anonymous Symbol]                       0x20000093   Section        0  ebi_lcd_module.o(.bss._td_target)
    _td_ticks                                0x20000094   Data           1  ebi_lcd_module.o(.bss._td_ticks)
    [Anonymous Symbol]                       0x20000094   Section        0  ebi_lcd_module.o(.bss._td_ticks)
    _td_timeout                              0x20000096   Data           2  ebi_lcd_module.o(.bss._td_timeout)
    [Anonymous Symbol]                       0x20000096   Section        0  ebi_lcd_module.o(.bss._td_timeout)
    last_rotation_tick                       0x200000c0   Data           1  tetromino_rotation.o(.bss.last_rotation_tick)
    [Anonymous Symbol]                       0x200000c0   Section        0  tetromino_rotation.o(.bss.last_rotation_tick)
    lcg_seed                                 0x200000c4   Data           4  tetromino_spawn.o(.bss.lcg_seed)
    [Anonymous Symbol]                       0x200000c4   Section        0  tetromino_spawn.o(.bss.lcg_seed)
    leaderboard                              0x200000c8   Data         600  game_screens.o(.bss.leaderboard)
    [Anonymous Symbol]                       0x200000c8   Section        0  game_screens.o(.bss.leaderboard)
    leaderboard_count                        0x20000320   Data           1  game_screens.o(.bss.leaderboard_count)
    [Anonymous Symbol]                       0x20000320   Section        0  game_screens.o(.bss.leaderboard_count)
    locked_block_count                       0x20000324   Data           4  playfield.o(.bss.locked_block_count)
    [Anonymous Symbol]                       0x20000324   Section        0  playfield.o(.bss.locked_block_count)
    locked_blocks                            0x20000328   Data        1200  playfield.o(.bss.locked_blocks)
    [Anonymous Symbol]                       0x20000328   Section        0  playfield.o(.bss.locked_blocks)
    STACK                                    0x20000988   Section     2048  startup_m480.o(STACK)

    Global Symbols

    Symbol Name                              Value     Ov Type        Size  Object(Section)

    BuildAttributes$$THM_ISAv4$E$P$D$K$B$S$7EM$VFPi3$EXTD16$VFPS$VFMA$PE$A:L22UL41UL21$X:L11$S22US41US21$IEEE1$IW$~IW$USESV6$~STKCKD$USESV7$~SHL$OTIME$ROPI$EBA8$MICROLIB$REQ8$PRES8$EABIv2 0x00000000   Number         0  anon$$obj.o ABSOLUTE
    __Vectors                                0x00000000   Data           4  startup_m480.o(RESET)
    _printf_a                                0x00000000   Number         0  printfstubs.o ABSOLUTE
    _printf_c                                0x00000000   Number         0  printfstubs.o ABSOLUTE
    _printf_charcount                        0x00000000   Number         0  printfstubs.o ABSOLUTE
    _printf_d                                0x00000000   Number         0  printfstubs.o ABSOLUTE
    _printf_e                                0x00000000   Number         0  printfstubs.o ABSOLUTE
    _printf_f                                0x00000000   Number         0  printfstubs.o ABSOLUTE
    _printf_flags                            0x00000000   Number         0  printfstubs.o ABSOLUTE
    _printf_fp_dec                           0x00000000   Number         0  printfstubs.o ABSOLUTE
    _printf_fp_hex                           0x00000000   Number         0  printfstubs.o ABSOLUTE
    _printf_g                                0x00000000   Number         0  printfstubs.o ABSOLUTE
    _printf_i                                0x00000000   Number         0  printfstubs.o ABSOLUTE
    _printf_int_dec                          0x00000000   Number         0  printfstubs.o ABSOLUTE
    _printf_l                                0x00000000   Number         0  printfstubs.o ABSOLUTE
    _printf_lc                               0x00000000   Number         0  printfstubs.o ABSOLUTE
    _printf_ll                               0x00000000   Number         0  printfstubs.o ABSOLUTE
    _printf_lld                              0x00000000   Number         0  printfstubs.o ABSOLUTE
    _printf_lli                              0x00000000   Number         0  printfstubs.o ABSOLUTE
    _printf_llo                              0x00000000   Number         0  printfstubs.o ABSOLUTE
    _printf_llu                              0x00000000   Number         0  printfstubs.o ABSOLUTE
    _printf_llx                              0x00000000   Number         0  printfstubs.o ABSOLUTE
    _printf_longlong_dec                     0x00000000   Number         0  printfstubs.o ABSOLUTE
    _printf_longlong_hex                     0x00000000   Number         0  printfstubs.o ABSOLUTE
    _printf_longlong_oct                     0x00000000   Number         0  printfstubs.o ABSOLUTE
    _printf_ls                               0x00000000   Number         0  printfstubs.o ABSOLUTE
    _printf_mbtowc                           0x00000000   Number         0  printfstubs.o ABSOLUTE
    _printf_n                                0x00000000   Number         0  printfstubs.o ABSOLUTE
    _printf_o                                0x00000000   Number         0  printfstubs.o ABSOLUTE
    _printf_p                                0x00000000   Number         0  printfstubs.o ABSOLUTE
    _printf_percent                          0x00000000   Number         0  printfstubs.o ABSOLUTE
    _printf_pre_padding                      0x00000000   Number         0  printfstubs.o ABSOLUTE
    _printf_return_value                     0x00000000   Number         0  printfstubs.o ABSOLUTE
    _printf_s                                0x00000000   Number         0  printfstubs.o ABSOLUTE
    _printf_sizespec                         0x00000000   Number         0  printfstubs.o ABSOLUTE
    _printf_str                              0x00000000   Number         0  printfstubs.o ABSOLUTE
    _printf_truncate_signed                  0x00000000   Number         0  printfstubs.o ABSOLUTE
    _printf_truncate_unsigned                0x00000000   Number         0  printfstubs.o ABSOLUTE
    _printf_u                                0x00000000   Number         0  printfstubs.o ABSOLUTE
    _printf_wc                               0x00000000   Number         0  printfstubs.o ABSOLUTE
    _printf_wctomb                           0x00000000   Number         0  printfstubs.o ABSOLUTE
    _printf_widthprec                        0x00000000   Number         0  printfstubs.o ABSOLUTE
    _printf_x                                0x00000000   Number         0  printfstubs.o ABSOLUTE
    __cpp_initialize__aeabi_                  - Undefined Weak Reference
    __cxa_finalize                            - Undefined Weak Reference
    __decompress                              - Undefined Weak Reference
    _clock_init                               - Undefined Weak Reference
    _microlib_exit                            - Undefined Weak Reference
    __Vectors_End                            0x000001f4   Data           0  startup_m480.o(RESET)
    __Vectors_Size                           0x000001f4   Number         0  startup_m480.o ABSOLUTE
    __main                                   0x000001f5   Thumb Code     0  entry.o(.ARM.Collect$$$$00000000)
    _main_stk                                0x000001f5   Thumb Code     0  entry2.o(.ARM.Collect$$$$00000001)
    _main_scatterload                        0x000001f9   Thumb Code     0  entry5.o(.ARM.Collect$$$$00000004)
    __main_after_scatterload                 0x000001fd   Thumb Code     0  entry5.o(.ARM.Collect$$$$00000004)
    _main_clock                              0x000001fd   Thumb Code     0  entry7b.o(.ARM.Collect$$$$00000008)
    _main_cpp_init                           0x000001fd   Thumb Code     0  entry8b.o(.ARM.Collect$$$$0000000A)
    _main_init                               0x000001fd   Thumb Code     0  entry9a.o(.ARM.Collect$$$$0000000B)
    __rt_final_cpp                           0x00000205   Thumb Code     0  entry10a.o(.ARM.Collect$$$$0000000D)
    __rt_final_exit                          0x00000205   Thumb Code     0  entry11a.o(.ARM.Collect$$$$0000000F)
    Reset_Handler                            0x00000209   Thumb Code    64  startup_m480.o(.text)
    NMI_Handler                              0x00000249   Thumb Code     2  startup_m480.o(.text)
    HardFault_Handler                        0x0000024b   Thumb Code    16  startup_m480.o(.text)
    MemManage_Handler                        0x0000025b   Thumb Code     2  startup_m480.o(.text)
    BusFault_Handler                         0x0000025d   Thumb Code     2  startup_m480.o(.text)
    UsageFault_Handler                       0x0000025f   Thumb Code     2  startup_m480.o(.text)
    SVC_Handler                              0x00000261   Thumb Code     2  startup_m480.o(.text)
    DebugMon_Handler                         0x00000263   Thumb Code     2  startup_m480.o(.text)
    PendSV_Handler                           0x00000265   Thumb Code     2  startup_m480.o(.text)
    SysTick_Handler                          0x00000267   Thumb Code     2  startup_m480.o(.text)
    ACMP01_IRQHandler                        0x00000269   Thumb Code     0  startup_m480.o(.text)
    BOD_IRQHandler                           0x00000269   Thumb Code     0  startup_m480.o(.text)
    BPWM0_IRQHandler                         0x00000269   Thumb Code     0  startup_m480.o(.text)
    BPWM1_IRQHandler                         0x00000269   Thumb Code     0  startup_m480.o(.text)
    BRAKE0_IRQHandler                        0x00000269   Thumb Code     0  startup_m480.o(.text)
    BRAKE1_IRQHandler                        0x00000269   Thumb Code     0  startup_m480.o(.text)
    CAN0_IRQHandler                          0x00000269   Thumb Code     0  startup_m480.o(.text)
    CAN1_IRQHandler                          0x00000269   Thumb Code     0  startup_m480.o(.text)
    CAN2_IRQHandler                          0x00000269   Thumb Code     0  startup_m480.o(.text)
    CCAP_IRQHandler                          0x00000269   Thumb Code     0  startup_m480.o(.text)
    CKFAIL_IRQHandler                        0x00000269   Thumb Code     0  startup_m480.o(.text)
    CRYPTO_IRQHandler                        0x00000269   Thumb Code     0  startup_m480.o(.text)
    DAC_IRQHandler                           0x00000269   Thumb Code     0  startup_m480.o(.text)
    EADC00_IRQHandler                        0x00000269   Thumb Code     0  startup_m480.o(.text)
    EADC01_IRQHandler                        0x00000269   Thumb Code     0  startup_m480.o(.text)
    EADC02_IRQHandler                        0x00000269   Thumb Code     0  startup_m480.o(.text)
    EADC03_IRQHandler                        0x00000269   Thumb Code     0  startup_m480.o(.text)
    EADC10_IRQHandler                        0x00000269   Thumb Code     0  startup_m480.o(.text)
    EADC11_IRQHandler                        0x00000269   Thumb Code     0  startup_m480.o(.text)
    EADC12_IRQHandler                        0x00000269   Thumb Code     0  startup_m480.o(.text)
    EADC13_IRQHandler                        0x00000269   Thumb Code     0  startup_m480.o(.text)
    ECAP0_IRQHandler                         0x00000269   Thumb Code     0  startup_m480.o(.text)
    ECAP1_IRQHandler                         0x00000269   Thumb Code     0  startup_m480.o(.text)
    EHCI_IRQHandler                          0x00000269   Thumb Code     0  startup_m480.o(.text)
    EINT0_IRQHandler                         0x00000269   Thumb Code     0  startup_m480.o(.text)
    EINT1_IRQHandler                         0x00000269   Thumb Code     0  startup_m480.o(.text)
    EINT2_IRQHandler                         0x00000269   Thumb Code     0  startup_m480.o(.text)
    EINT3_IRQHandler                         0x00000269   Thumb Code     0  startup_m480.o(.text)
    EINT4_IRQHandler                         0x00000269   Thumb Code     0  startup_m480.o(.text)
    EINT5_IRQHandler                         0x00000269   Thumb Code     0  startup_m480.o(.text)
    EINT6_IRQHandler                         0x00000269   Thumb Code     0  startup_m480.o(.text)
    EINT7_IRQHandler                         0x00000269   Thumb Code     0  startup_m480.o(.text)
    EMAC_RX_IRQHandler                       0x00000269   Thumb Code     0  startup_m480.o(.text)
    EMAC_TX_IRQHandler                       0x00000269   Thumb Code     0  startup_m480.o(.text)
    EPWM0P0_IRQHandler                       0x00000269   Thumb Code     0  startup_m480.o(.text)
    EPWM0P1_IRQHandler                       0x00000269   Thumb Code     0  startup_m480.o(.text)
    EPWM0P2_IRQHandler                       0x00000269   Thumb Code     0  startup_m480.o(.text)
    EPWM1P0_IRQHandler                       0x00000269   Thumb Code     0  startup_m480.o(.text)
    EPWM1P1_IRQHandler                       0x00000269   Thumb Code     0  startup_m480.o(.text)
    EPWM1P2_IRQHandler                       0x00000269   Thumb Code     0  startup_m480.o(.text)
    GPA_IRQHandler                           0x00000269   Thumb Code     0  startup_m480.o(.text)
    GPB_IRQHandler                           0x00000269   Thumb Code     0  startup_m480.o(.text)
    GPC_IRQHandler                           0x00000269   Thumb Code     0  startup_m480.o(.text)
    GPD_IRQHandler                           0x00000269   Thumb Code     0  startup_m480.o(.text)
    GPE_IRQHandler                           0x00000269   Thumb Code     0  startup_m480.o(.text)
    GPF_IRQHandler                           0x00000269   Thumb Code     0  startup_m480.o(.text)
    GPG_IRQHandler                           0x00000269   Thumb Code     0  startup_m480.o(.text)
    GPH_IRQHandler                           0x00000269   Thumb Code     0  startup_m480.o(.text)
    I2C0_IRQHandler                          0x00000269   Thumb Code     0  startup_m480.o(.text)
    I2C1_IRQHandler                          0x00000269   Thumb Code     0  startup_m480.o(.text)
    I2C2_IRQHandler                          0x00000269   Thumb Code     0  startup_m480.o(.text)
    I2S0_IRQHandler                          0x00000269   Thumb Code     0  startup_m480.o(.text)
    IRC_IRQHandler                           0x00000269   Thumb Code     0  startup_m480.o(.text)
    OHCI_IRQHandler                          0x00000269   Thumb Code     0  startup_m480.o(.text)
    OPA0_IRQHandler                          0x00000269   Thumb Code     0  startup_m480.o(.text)
    PDMA_IRQHandler                          0x00000269   Thumb Code     0  startup_m480.o(.text)
    PWRWU_IRQHandler                         0x00000269   Thumb Code     0  startup_m480.o(.text)
    QEI0_IRQHandler                          0x00000269   Thumb Code     0  startup_m480.o(.text)
    QEI1_IRQHandler                          0x00000269   Thumb Code     0  startup_m480.o(.text)
    QSPI0_IRQHandler                         0x00000269   Thumb Code     0  startup_m480.o(.text)
    QSPI1_IRQHandler                         0x00000269   Thumb Code     0  startup_m480.o(.text)
    RAMPE_IRQHandler                         0x00000269   Thumb Code     0  startup_m480.o(.text)
    RTC_IRQHandler                           0x00000269   Thumb Code     0  startup_m480.o(.text)
    SC0_IRQHandler                           0x00000269   Thumb Code     0  startup_m480.o(.text)
    SC1_IRQHandler                           0x00000269   Thumb Code     0  startup_m480.o(.text)
    SC2_IRQHandler                           0x00000269   Thumb Code     0  startup_m480.o(.text)
    SDH0_IRQHandler                          0x00000269   Thumb Code     0  startup_m480.o(.text)
    SDH1_IRQHandler                          0x00000269   Thumb Code     0  startup_m480.o(.text)
    SPI0_IRQHandler                          0x00000269   Thumb Code     0  startup_m480.o(.text)
    SPI1_IRQHandler                          0x00000269   Thumb Code     0  startup_m480.o(.text)
    SPI2_IRQHandler                          0x00000269   Thumb Code     0  startup_m480.o(.text)
    SPI3_IRQHandler                          0x00000269   Thumb Code     0  startup_m480.o(.text)
    SPIM_IRQHandler                          0x00000269   Thumb Code     0  startup_m480.o(.text)
    TAMPER_IRQHandler                        0x00000269   Thumb Code     0  startup_m480.o(.text)
    TMR0_IRQHandler                          0x00000269   Thumb Code     0  startup_m480.o(.text)
    TMR1_IRQHandler                          0x00000269   Thumb Code     0  startup_m480.o(.text)
    TMR2_IRQHandler                          0x00000269   Thumb Code     0  startup_m480.o(.text)
    TRNG_IRQHandler                          0x00000269   Thumb Code     0  startup_m480.o(.text)
    UART0_IRQHandler                         0x00000269   Thumb Code     0  startup_m480.o(.text)
    UART1_IRQHandler                         0x00000269   Thumb Code     0  startup_m480.o(.text)
    UART2_IRQHandler                         0x00000269   Thumb Code     0  startup_m480.o(.text)
    UART3_IRQHandler                         0x00000269   Thumb Code     0  startup_m480.o(.text)
    UART4_IRQHandler                         0x00000269   Thumb Code     0  startup_m480.o(.text)
    UART5_IRQHandler                         0x00000269   Thumb Code     0  startup_m480.o(.text)
    UART6_IRQHandler                         0x00000269   Thumb Code     0  startup_m480.o(.text)
    UART7_IRQHandler                         0x00000269   Thumb Code     0  startup_m480.o(.text)
    USBD20_IRQHandler                        0x00000269   Thumb Code     0  startup_m480.o(.text)
    USBD_IRQHandler                          0x00000269   Thumb Code     0  startup_m480.o(.text)
    USBOTG20_IRQHandler                      0x00000269   Thumb Code     0  startup_m480.o(.text)
    USBOTG_IRQHandler                        0x00000269   Thumb Code     0  startup_m480.o(.text)
    USCI0_IRQHandler                         0x00000269   Thumb Code     0  startup_m480.o(.text)
    USCI1_IRQHandler                         0x00000269   Thumb Code     0  startup_m480.o(.text)
    WDT_IRQHandler                           0x00000269   Thumb Code     0  startup_m480.o(.text)
    WWDT_IRQHandler                          0x00000269   Thumb Code     0  startup_m480.o(.text)
    __aeabi_memset                           0x00000285   Thumb Code    14  memseta.o(.text)
    __aeabi_memset4                          0x00000285   Thumb Code     0  memseta.o(.text)
    __aeabi_memset8                          0x00000285   Thumb Code     0  memseta.o(.text)
    __aeabi_memclr                           0x00000293   Thumb Code     4  memseta.o(.text)
    __aeabi_memclr4                          0x00000293   Thumb Code     0  memseta.o(.text)
    __aeabi_memclr8                          0x00000293   Thumb Code     0  memseta.o(.text)
    _memset$wrapper                          0x00000297   Thumb Code    18  memseta.o(.text)
    __aeabi_uldivmod                         0x000002a9   Thumb Code    98  uldiv.o(.text)
    __scatterload                            0x0000030d   Thumb Code    38  init.o(.text)
    __scatterload_rt2                        0x0000030d   Thumb Code     0  init.o(.text)
    __aeabi_llsl                             0x0000033d   Thumb Code    30  llshl.o(.text)
    _ll_shift_l                              0x0000033d   Thumb Code     0  llshl.o(.text)
    __aeabi_llsr                             0x0000035b   Thumb Code    32  llushr.o(.text)
    _ll_ushift_r                             0x0000035b   Thumb Code     0  llushr.o(.text)
    CLK_EnableModuleClock                    0x0000037d   Thumb Code    34  clk.o(.text.CLK_EnableModuleClock)
    CLK_EnablePLL                            0x000003a1   Thumb Code  1364  clk.o(.text.CLK_EnablePLL)
    CLK_EnableXtalRC                         0x000008f5   Thumb Code    16  clk.o(.text.CLK_EnableXtalRC)
    CLK_GetPLLClockFreq                      0x00000905   Thumb Code    86  clk.o(.text.CLK_GetPLLClockFreq)
    CLK_SetCoreClock                         0x0000095d   Thumb Code   336  clk.o(.text.CLK_SetCoreClock)
    CLK_SetHCLK                              0x00000aad   Thumb Code   168  clk.o(.text.CLK_SetHCLK)
    CLK_SetModuleClock                       0x00000b55   Thumb Code   158  clk.o(.text.CLK_SetModuleClock)
    CLK_WaitClockReady                       0x00000bf5   Thumb Code   108  clk.o(.text.CLK_WaitClockReady)
    CanMoveDown                              0x00000c61   Thumb Code     8  playfield.o(.text.CanMoveDown)
    CanMoveLeft                              0x00000c69   Thumb Code     8  playfield.o(.text.CanMoveLeft)
    CanMoveRight                             0x00000c71   Thumb Code     8  playfield.o(.text.CanMoveRight)
    CanPlaceTetromino                        0x00000c79   Thumb Code   246  playfield.o(.text.CanPlaceTetromino)
    CanRotate                                0x00000d71   Thumb Code     4  playfield.o(.text.CanRotate)
    ClearFullLines                           0x00000d75   Thumb Code   574  playfield.o(.text.ClearFullLines)
    ClearPlayfield                           0x00000fb5   Thumb Code   114  playfield.o(.text.ClearPlayfield)
    ClearTetromino                           0x00001029   Thumb Code   154  tetris_draw.o(.text.ClearTetromino)
    DrawBlock                                0x000010c5   Thumb Code    42  tetris_draw.o(.text.DrawBlock)
    DrawGameOverScreen                       0x000010f1   Thumb Code   388  game_screens.o(.text.DrawGameOverScreen)
    DrawGameplayScreen                       0x00001295   Thumb Code   308  game_screens.o(.text.DrawGameplayScreen)
    DrawLeaderboardScreen                    0x000013e5   Thumb Code   316  game_screens.o(.text.DrawLeaderboardScreen)
    DrawNextTetromino                        0x00001575   Thumb Code   352  tetris_draw.o(.text.DrawNextTetromino)
    DrawPlayfieldCellBackground              0x000016dd   Thumb Code   102  playfield.o(.text.DrawPlayfieldCellBackground)
    DrawScreenBorder                         0x00001745   Thumb Code   224  game_screens.o(.text.DrawScreenBorder)
    DrawStartScreen                          0x00001825   Thumb Code   524  game_screens.o(.text.DrawStartScreen)
    DrawTetromino                            0x00001aa1   Thumb Code   192  tetris_draw.o(.text.DrawTetromino)
    EBI_Open                                 0x00001b61   Thumb Code   292  ebi.o(.text.EBI_Open)
    GPIO_SetMode                             0x00001c85   Thumb Code   264  gpio.o(.text.GPIO_SetMode)
    GameSession_Begin                        0x00001d8d   Thumb Code   120  game_session.o(.text.GameSession_Begin)
    GameSession_ConfigureControls            0x00001e0d   Thumb Code   210  game_session.o(.text.GameSession_ConfigureControls)
    GameSession_Run                          0x00001ee1   Thumb Code  1220  game_session.o(.text.GameSession_Run)
    GameSession_WaitForStart                 0x000023ad   Thumb Code   178  game_session.o(.text.GameSession_WaitForStart)
    ILI9341_Initial                          0x00002461   Thumb Code   716  ebi_lcd_module.o(.text.ILI9341_Initial)
    InitializeTetrominoQueue                 0x00002751   Thumb Code    76  tetromino_spawn.o(.text.InitializeTetrominoQueue)
    LCD_BlankArea                            0x0000279d   Thumb Code   646  ebi_lcd_module.o(.text.LCD_BlankArea)
    LCD_PutChar8x16                          0x00002a25   Thumb Code   498  ebi_lcd_module.o(.text.LCD_PutChar8x16)
    LCD_PutString                            0x00002c19   Thumb Code    74  ebi_lcd_module.o(.text.LCD_PutString)
    LockTetromino                            0x00002d61   Thumb Code   388  playfield.o(.text.LockTetromino)
    ProcessHardFault                         0x00002ee5   Thumb Code   264  retarget.o(.text.ProcessHardFault)
    RecordLeaderboardEntry                   0x00003081   Thumb Code   656  game_screens.o(.text.RecordLeaderboardEntry)
    RotateTetrominoClockwiseWithKick         0x00003419   Thumb Code   172  tetromino_rotation.o(.text.RotateTetrominoClockwiseWithKick)
    SYS_Init                                 0x000034c5   Thumb Code   292  sys_init.o(.text.SYS_Init)
    SpawnQueuedTetromino                     0x000035e9   Thumb Code    92  tetromino_spawn.o(.text.SpawnQueuedTetromino)
    SystemCoreClockUpdate                    0x00003645   Thumb Code   104  system_m480.o(.text.SystemCoreClockUpdate)
    SystemInit                               0x000036ad   Thumb Code   112  system_m480.o(.text.SystemInit)
    TMR3_IRQHandler                          0x0000371d   Thumb Code   132  ebi_lcd_module.o(.text.TMR3_IRQHandler)
    Timer3_Init                              0x000037a1   Thumb Code   108  ebi_lcd_module.o(.text.Timer3_Init)
    TimerDelay_Done                          0x0000382d   Thumb Code    88  ebi_lcd_module.o(.text.TimerDelay_Done)
    TimerDelay_Start                         0x000038bd   Thumb Code    52  ebi_lcd_module.o(.text.TimerDelay_Start)
    UART_Open                                0x00003909   Thumb Code   372  uart.o(.text.UART_Open)
    fputc                                    0x00003a7d   Thumb Code    74  retarget.o(.text.fputc)
    main                                     0x00003ac9   Thumb Code   178  main.o(.text.main)
    __0printf$8                              0x00003b7d   Thumb Code    22  printf8.o(i.__0printf$8)
    __1printf$8                              0x00003b7d   Thumb Code     0  printf8.o(i.__0printf$8)
    __2printf                                0x00003b7d   Thumb Code     0  printf8.o(i.__0printf$8)
    __0sprintf$8                             0x00003b9d   Thumb Code    34  printf8.o(i.__0sprintf$8)
    __1sprintf$8                             0x00003b9d   Thumb Code     0  printf8.o(i.__0sprintf$8)
    __2sprintf                               0x00003b9d   Thumb Code     0  printf8.o(i.__0sprintf$8)
    __scatterload_copy                       0x00003bc5   Thumb Code    14  handlers.o(i.__scatterload_copy)
    __scatterload_null                       0x00003bd3   Thumb Code     2  handlers.o(i.__scatterload_null)
    __scatterload_zeroinit                   0x00003bd5   Thumb Code    14  handlers.o(i.__scatterload_zeroinit)
    puts                                     0x00004051   Thumb Code    30  puts.o(i.puts)
    Font8x16                                 0x00004082   Data        2048  image.o(.rodata.Font8x16)
    Region$$Table$$Base                      0x0000c660   Number         0  anon$$obj.o(Region$$Table)
    Region$$Table$$Limit                     0x0000c680   Number         0  anon$$obj.o(Region$$Table)
    CyclesPerUs                              0x20000000   Data           4  system_m480.o(.data.CyclesPerUs)
    PllClock                                 0x20000004   Data           4  system_m480.o(.data.PllClock)
    SystemCoreClock                          0x20000008   Data           4  system_m480.o(.data.SystemCoreClock)
    gau32ClkSrcTbl                           0x20000014   Data          32  system_m480.o(.data.gau32ClkSrcTbl)
    level                                    0x20000034   Data           1  game_screens.o(.data.level)
    Timer3_cnt                               0x20000038   Data           1  ebi_lcd_module.o(.bss.Timer3_cnt)
    Timer3_flag                              0x20000039   Data           1  ebi_lcd_module.o(.bss.Timer3_flag)
    __stdout                                 0x2000003c   Data          84  retarget.o(.bss.__stdout)
    acString                                 0x20000098   Data          32  game_screens.o(.bss.acString)
    currentHighScore                         0x200000b8   Data           2  game_screens.o(.bss.currentHighScore)
    currentScore                             0x200000ba   Data           2  game_screens.o(.bss.currentScore)
    g_CLK_i32ErrCode                         0x200000bc   Data           4  clk.o(.bss.g_CLK_i32ErrCode)
    minutes                                  0x200007d8   Data           1  ebi_lcd_module.o(.bss.minutes)
    playfield                                0x200007dc   Data         420  playfield.o(.bss.playfield)
    seconds                                  0x20000980   Data           1  ebi_lcd_module.o(.bss.seconds)
    timer_running                            0x20000981   Data           1  ebi_lcd_module.o(.bss.timer_running)
    __initial_sp                             0x20001188   Data           0  startup_m480.o(STACK)



==============================================================================

Memory Map of the image

  Image Entry point : 0x00000209

  Load Region LR_1 (Base: 0x00000000, Size: 0x0000c6b8, Max: 0xffffffff, ABSOLUTE)

    Execution Region ER_RO (Exec base: 0x00000000, Load base: 0x00000000, Size: 0x0000c680, Max: 0xffffffff, ABSOLUTE)

    Exec Addr    Load Addr    Size         Type   Attr      Idx    E Section Name        Object

    0x00000000   0x00000000   0x000001f4   Data   RO           19    RESET               startup_m480.o
    0x000001f4   0x000001f4   0x00000000   Code   RO          489  * .ARM.Collect$$$$00000000  mc_w.l(entry.o)
    0x000001f4   0x000001f4   0x00000004   Code   RO          766    .ARM.Collect$$$$00000001  mc_w.l(entry2.o)
    0x000001f8   0x000001f8   0x00000004   Code   RO          769    .ARM.Collect$$$$00000004  mc_w.l(entry5.o)
    0x000001fc   0x000001fc   0x00000000   Code   RO          771    .ARM.Collect$$$$00000008  mc_w.l(entry7b.o)
    0x000001fc   0x000001fc   0x00000000   Code   RO          773    .ARM.Collect$$$$0000000A  mc_w.l(entry8b.o)
    0x000001fc   0x000001fc   0x00000008   Code   RO          774    .ARM.Collect$$$$0000000B  mc_w.l(entry9a.o)
    0x00000204   0x00000204   0x00000000   Code   RO          776    .ARM.Collect$$$$0000000D  mc_w.l(entry10a.o)
    0x00000204   0x00000204   0x00000000   Code   RO          778    .ARM.Collect$$$$0000000F  mc_w.l(entry11a.o)
    0x00000204   0x00000204   0x00000004   Code   RO          767    .ARM.Collect$$$$00002712  mc_w.l(entry2.o)
    0x00000208   0x00000208   0x0000007c   Code   RO           20  * .text               startup_m480.o
    0x00000284   0x00000284   0x00000024   Code   RO          503    .text               mc_w.l(memseta.o)
    0x000002a8   0x000002a8   0x00000062   Code   RO          791    .text               mc_w.l(uldiv.o)
    0x0000030a   0x0000030a   0x00000002   PAD
    0x0000030c   0x0000030c   0x00000030   Code   RO          804    .text               mc_w.l(init.o)
    0x0000033c   0x0000033c   0x0000001e   Code   RO          806    .text               mc_w.l(llshl.o)
    0x0000035a   0x0000035a   0x00000020   Code   RO          808    .text               mc_w.l(llushr.o)
    0x0000037a   0x0000037a   0x00000002   PAD
    0x0000037c   0x0000037c   0x00000022   Code   RO          236    .text.CLK_EnableModuleClock  clk.o
    0x0000039e   0x0000039e   0x00000002   PAD
    0x000003a0   0x000003a0   0x00000554   Code   RO          260    .text.CLK_EnablePLL  clk.o
    0x000008f4   0x000008f4   0x00000010   Code   RO          266    .text.CLK_EnableXtalRC  clk.o
    0x00000904   0x00000904   0x00000056   Code   RO          272    .text.CLK_GetPLLClockFreq  clk.o
    0x0000095a   0x0000095a   0x00000002   PAD
    0x0000095c   0x0000095c   0x00000150   Code   RO          256    .text.CLK_SetCoreClock  clk.o
    0x00000aac   0x00000aac   0x000000a8   Code   RO          262    .text.CLK_SetHCLK   clk.o
    0x00000b54   0x00000b54   0x0000009e   Code   RO          238    .text.CLK_SetModuleClock  clk.o
    0x00000bf2   0x00000bf2   0x00000002   PAD
    0x00000bf4   0x00000bf4   0x0000006c   Code   RO          258    .text.CLK_WaitClockReady  clk.o
    0x00000c60   0x00000c60   0x00000008   Code   RO          127    .text.CanMoveDown   playfield.o
    0x00000c68   0x00000c68   0x00000008   Code   RO          129    .text.CanMoveLeft   playfield.o
    0x00000c70   0x00000c70   0x00000008   Code   RO          131    .text.CanMoveRight  playfield.o
    0x00000c78   0x00000c78   0x000000f6   Code   RO          123    .text.CanPlaceTetromino  playfield.o
    0x00000d6e   0x00000d6e   0x00000002   PAD
    0x00000d70   0x00000d70   0x00000004   Code   RO          133    .text.CanRotate     playfield.o
    0x00000d74   0x00000d74   0x0000023e   Code   RO          135    .text.ClearFullLines  playfield.o
    0x00000fb2   0x00000fb2   0x00000002   PAD
    0x00000fb4   0x00000fb4   0x00000072   Code   RO          119    .text.ClearPlayfield  playfield.o
    0x00001026   0x00001026   0x00000002   PAD
    0x00001028   0x00001028   0x0000009a   Code   RO           99    .text.ClearTetromino  tetris_draw.o
    0x000010c2   0x000010c2   0x00000002   PAD
    0x000010c4   0x000010c4   0x0000002a   Code   RO          103    .text.DrawBlock     tetris_draw.o
    0x000010ee   0x000010ee   0x00000002   PAD
    0x000010f0   0x000010f0   0x000001a4   Code   RO          184    .text.DrawGameOverScreen  game_screens.o
    0x00001294   0x00001294   0x00000150   Code   RO          180    .text.DrawGameplayScreen  game_screens.o
    0x000013e4   0x000013e4   0x00000190   Code   RO          186    .text.DrawLeaderboardScreen  game_screens.o
    0x00001574   0x00001574   0x00000168   Code   RO          101    .text.DrawNextTetromino  tetris_draw.o
    0x000016dc   0x000016dc   0x00000066   Code   RO          117    .text.DrawPlayfieldCellBackground  playfield.o
    0x00001742   0x00001742   0x00000002   PAD
    0x00001744   0x00001744   0x000000e0   Code   RO          178    .text.DrawScreenBorder  game_screens.o
    0x00001824   0x00001824   0x0000027c   Code   RO          182    .text.DrawStartScreen  game_screens.o
    0x00001aa0   0x00001aa0   0x000000c0   Code   RO           97    .text.DrawTetromino  tetris_draw.o
    0x00001b60   0x00001b60   0x00000124   Code   RO          476    .text.EBI_Open      ebi.o
    0x00001c84   0x00001c84   0x00000108   Code   RO          439    .text.GPIO_SetMode  gpio.o
    0x00001d8c   0x00001d8c   0x00000080   Code   RO          153    .text.GameSession_Begin  game_session.o
    0x00001e0c   0x00001e0c   0x000000d2   Code   RO          151    .text.GameSession_ConfigureControls  game_session.o
    0x00001ede   0x00001ede   0x00000002   PAD
    0x00001ee0   0x00001ee0   0x000004cc   Code   RO          157    .text.GameSession_Run  game_session.o
    0x000023ac   0x000023ac   0x000000b2   Code   RO          149    .text.GameSession_WaitForStart  game_session.o
    0x0000245e   0x0000245e   0x00000002   PAD
    0x00002460   0x00002460   0x000002f0   Code   RO           50    .text.ILI9341_Initial  ebi_lcd_module.o
    0x00002750   0x00002750   0x0000004c   Code   RO          206    .text.InitializeTetrominoQueue  tetromino_spawn.o
    0x0000279c   0x0000279c   0x00000286   Code   RO           56    .text.LCD_BlankArea  ebi_lcd_module.o
    0x00002a22   0x00002a22   0x00000002   PAD
    0x00002a24   0x00002a24   0x000001f2   Code   RO           52    .text.LCD_PutChar8x16  ebi_lcd_module.o
    0x00002c16   0x00002c16   0x00000002   PAD
    0x00002c18   0x00002c18   0x0000004a   Code   RO           54    .text.LCD_PutString  ebi_lcd_module.o
    0x00002c62   0x00002c62   0x00000002   PAD
    0x00002c64   0x00002c64   0x000000fc   Code   RO          159    .text.LockActiveTetromino  game_session.o
    0x00002d60   0x00002d60   0x00000184   Code   RO          125    .text.LockTetromino  playfield.o
    0x00002ee4   0x00002ee4   0x0000019c   Code   RO          304    .text.ProcessHardFault  retarget.o
    0x00003080   0x00003080   0x00000290   Code   RO          176    .text.RecordLeaderboardEntry  game_screens.o
    0x00003310   0x00003310   0x00000108   Code   RO          155    .text.ResetGameStats  game_session.o
    0x00003418   0x00003418   0x000000ac   Code   RO          220    .text.RotateTetrominoClockwiseWithKick  tetromino_rotation.o
    0x000034c4   0x000034c4   0x00000124   Code   RO           89    .text.SYS_Init      sys_init.o
    0x000035e8   0x000035e8   0x0000005c   Code   RO          208    .text.SpawnQueuedTetromino  tetromino_spawn.o
    0x00003644   0x00003644   0x00000068   Code   RO            2    .text.SystemCoreClockUpdate  system_m480.o
    0x000036ac   0x000036ac   0x00000070   Code   RO            4    .text.SystemInit    system_m480.o
    0x0000371c   0x0000371c   0x00000084   Code   RO           38    .text.TMR3_IRQHandler  ebi_lcd_module.o
    0x000037a0   0x000037a0   0x0000008c   Code   RO           36    .text.Timer3_Init   ebi_lcd_module.o
    0x0000382c   0x0000382c   0x00000090   Code   RO           42    .text.TimerDelay_Done  ebi_lcd_module.o
    0x000038bc   0x000038bc   0x0000004c   Code   RO           40    .text.TimerDelay_Start  ebi_lcd_module.o
    0x00003908   0x00003908   0x00000174   Code   RO          414    .text.UART_Open     uart.o
    0x00003a7c   0x00003a7c   0x0000004a   Code   RO          318    .text.fputc         retarget.o
    0x00003ac6   0x00003ac6   0x00000002   PAD
    0x00003ac8   0x00003ac8   0x000000b2   Code   RO           27    .text.main          main.o
    0x00003b7a   0x00003b7a   0x00000002   PAD
    0x00003b7c   0x00003b7c   0x00000020   Code   RO          712    i.__0printf$8       mc_w.l(printf8.o)
    0x00003b9c   0x00003b9c   0x00000028   Code   RO          714    i.__0sprintf$8      mc_w.l(printf8.o)
    0x00003bc4   0x00003bc4   0x0000000e   Code   RO          816    i.__scatterload_copy  mc_w.l(handlers.o)
    0x00003bd2   0x00003bd2   0x00000002   Code   RO          817    i.__scatterload_null  mc_w.l(handlers.o)
    0x00003bd4   0x00003bd4   0x0000000e   Code   RO          818    i.__scatterload_zeroinit  mc_w.l(handlers.o)
    0x00003be2   0x00003be2   0x00000002   PAD
    0x00003be4   0x00003be4   0x00000410   Code   RO          719    i._printf_core      mc_w.l(printf8.o)
    0x00003ff4   0x00003ff4   0x00000024   Code   RO          720    i._printf_post_padding  mc_w.l(printf8.o)
    0x00004018   0x00004018   0x0000002e   Code   RO          721    i._printf_pre_padding  mc_w.l(printf8.o)
    0x00004046   0x00004046   0x0000000a   Code   RO          723    i._sputc            mc_w.l(printf8.o)
    0x00004050   0x00004050   0x00000024   Code   RO          492    i.puts              mc_w.l(puts.o)
    0x00004074   0x00004074   0x0000000e   Data   RO          106    .rodata.DrawBlock.colors  tetris_draw.o
    0x00004082   0x00004082   0x00000800   Data   RO           77    .rodata.Font8x16    image.o
    0x00004882   0x00004882   0x00000004   Data   RO          291    .rodata.cst4        clk.o
    0x00004886   0x00004886   0x00002a3c   Data   RO          194    .rodata.game_over_bitmap  game_screens.o
    0x000072c2   0x000072c2   0x000026ec   Data   RO          196    .rodata.start_logo_rgb565  game_screens.o
    0x000099ae   0x000099ae   0x00002a3c   Data   RO          197    .rodata.start_skyline_rgb565  game_screens.o
    0x0000c3ea   0x0000c3ea   0x00000014   Data   RO          167    .rodata.str1.1      game_session.o
    0x0000c3fe   0x0000c3fe   0x0000001c   Data   RO          193    .rodata.str1.1      game_screens.o
    0x0000c41a   0x0000c41a   0x00000083   Data   RO          324    .rodata.str1.1      retarget.o
    0x0000c49d   0x0000c49d   0x000000e0   Data   RO          105    .rodata.tetro       tetris_draw.o
    0x0000c57d   0x0000c57d   0x000000e0   Data   RO          140    .rodata.tetro       playfield.o
    0x0000c65d   0x0000c65d   0x00000003   PAD
    0x0000c660   0x0000c660   0x00000020   Data   RO          815    Region$$Table       anon$$obj.o


    Execution Region ER_RW (Exec base: 0x20000000, Load base: 0x0000c680, Size: 0x00000038, Max: 0xffffffff, ABSOLUTE)

    Exec Addr    Load Addr    Size         Type   Attr      Idx    E Section Name        Object

    0x20000000   0x0000c680   0x00000004   Data   RW            7    .data.CyclesPerUs   system_m480.o
    0x20000004   0x0000c684   0x00000004   Data   RW            8    .data.PllClock      system_m480.o
    0x20000008   0x0000c688   0x00000004   Data   RW            6    .data.SystemCoreClock  system_m480.o
    0x2000000c   0x0000c68c   0x00000001   Data   RW          161    .data.g_buttons.0   game_session.o
    0x2000000d   0x0000c68d   0x00000001   Data   RW          162    .data.g_buttons.1   game_session.o
    0x2000000e   0x0000c68e   0x00000001   Data   RW          163    .data.g_buttons.2   game_session.o
    0x2000000f   0x0000c68f   0x00000001   Data   RW          164    .data.g_buttons.3   game_session.o
    0x20000010   0x0000c690   0x00000001   Data   RW          165    .data.g_buttons.4   game_session.o
    0x20000011   0x0000c691   0x00000001   Data   RW          166    .data.g_buttons.5   game_session.o
    0x20000012   0x0000c692   0x00000002   PAD
    0x20000014   0x0000c694   0x00000020   Data   RW            9    .data.gau32ClkSrcTbl  system_m480.o
    0x20000034   0x0000c6b4   0x00000001   Data   RW          189    .data.level         game_screens.o


    Execution Region ER_ZI (Exec base: 0x20000038, Load base: 0x0000c6b8, Size: 0x00001150, Max: 0xffffffff, ABSOLUTE)

    Exec Addr    Load Addr    Size         Type   Attr      Idx    E Section Name        Object

    0x20000038        -       0x00000001   Zero   RW           59    .bss.Timer3_cnt     ebi_lcd_module.o
    0x20000039        -       0x00000001   Zero   RW           58    .bss.Timer3_flag    ebi_lcd_module.o
    0x2000003a   0x0000c6b8   0x00000002   PAD
    0x2000003c        -       0x00000054   Zero   RW          325    .bss.__stdout       retarget.o
    0x20000090        -       0x00000001   Zero   RW           63    .bss._game_ms_count  ebi_lcd_module.o
    0x20000091        -       0x00000001   Zero   RW          211    .bss._next_piece    tetromino_spawn.o
    0x20000092        -       0x00000001   Zero   RW           64    .bss._td_active     ebi_lcd_module.o
    0x20000093        -       0x00000001   Zero   RW           65    .bss._td_target     ebi_lcd_module.o
    0x20000094        -       0x00000001   Zero   RW           66    .bss._td_ticks      ebi_lcd_module.o
    0x20000095   0x0000c6b8   0x00000001   PAD
    0x20000096        -       0x00000002   Zero   RW           67    .bss._td_timeout    ebi_lcd_module.o
    0x20000098        -       0x00000020   Zero   RW          195    .bss.acString       game_screens.o
    0x200000b8        -       0x00000002   Zero   RW          190    .bss.currentHighScore  game_screens.o
    0x200000ba        -       0x00000002   Zero   RW          188    .bss.currentScore   game_screens.o
    0x200000bc        -       0x00000004   Zero   RW          290    .bss.g_CLK_i32ErrCode  clk.o
    0x200000c0        -       0x00000001   Zero   RW          222    .bss.last_rotation_tick  tetromino_rotation.o
    0x200000c1   0x0000c6b8   0x00000003   PAD
    0x200000c4        -       0x00000004   Zero   RW          210    .bss.lcg_seed       tetromino_spawn.o
    0x200000c8        -       0x00000258   Zero   RW          192    .bss.leaderboard    game_screens.o
    0x20000320        -       0x00000001   Zero   RW          191    .bss.leaderboard_count  game_screens.o
    0x20000321   0x0000c6b8   0x00000003   PAD
    0x20000324        -       0x00000004   Zero   RW          138    .bss.locked_block_count  playfield.o
    0x20000328        -       0x000004b0   Zero   RW          139    .bss.locked_blocks  playfield.o
    0x200007d8        -       0x00000001   Zero   RW           60    .bss.minutes        ebi_lcd_module.o
    0x200007d9   0x0000c6b8   0x00000003   PAD
    0x200007dc        -       0x000001a4   Zero   RW          137    .bss.playfield      playfield.o
    0x20000980        -       0x00000001   Zero   RW           61    .bss.seconds        ebi_lcd_module.o
    0x20000981        -       0x00000001   Zero   RW           62    .bss.timer_running  ebi_lcd_module.o
    0x20000982   0x0000c6b8   0x00000006   PAD
    0x20000988        -       0x00000800   Zero   RW           17    STACK               startup_m480.o


==============================================================================

Image component sizes


      Code (inc. data)   RO Data    RW Data    ZI Data      Debug   Object Name

      2270          0          4          0          4      17351   clk.o
       292          8          0          0          0       2466   ebi.o
      2462        148          0          0         11      14446   ebi_lcd_module.o
      2672        256      31616          1        637       6512   game_screens.o
      2260         32         20          6          0       8176   game_session.o
       264          0          0          0          0       2727   gpio.o
         0          0       2048          0          0        510   image.o
       178          0          0          0          0       3758   main.o
      1452          0        224          0       1624       7549   playfield.o
       486        148        131          0         84       5510   retarget.o
       124         26        500          0       2048        940   startup_m480.o
       292          0          0          0          0       3521   sys_init.o
       216          0          0         44          0       4331   system_m480.o
       748          8        238          0          0       4418   tetris_draw.o
       172          0          0          0          1       1437   tetromino_rotation.o
       168          0          0          0          5       1546   tetromino_spawn.o
       372          8          0          0          0      10112   uart.o

    ----------------------------------------------------------------------
     14460        634      34816         56       4432      95310   Object Totals
         0          0         32          0          0          0   (incl. Generated)
        32          0          3          5         18          0   (incl. Padding)

    ----------------------------------------------------------------------

      Code (inc. data)   RO Data    RW Data    ZI Data      Debug   Library Member Name

         0          0          0          0          0          0   entry.o
         0          0          0          0          0          0   entry10a.o
         0          0          0          0          0          0   entry11a.o
         8          4          0          0          0          0   entry2.o
         4          0          0          0          0          0   entry5.o
         0          0          0          0          0          0   entry7b.o
         0          0          0          0          0          0   entry8b.o
         8          4          0          0          0          0   entry9a.o
        30          0          0          0          0          0   handlers.o
        48         10          0          0          0         68   init.o
        30          0          0          0          0         68   llshl.o
        32          0          0          0          0         68   llushr.o
        36          0          0          0          0        108   memseta.o
      1204         60          0          0          0        504   printf8.o
        36          6          0          0          0         80   puts.o
        98          0          0          0          0         92   uldiv.o

    ----------------------------------------------------------------------
      1540         84          0          0          0        988   Library Totals
         6          0          0          0          0          0   (incl. Padding)

    ----------------------------------------------------------------------

      Code (inc. data)   RO Data    RW Data    ZI Data      Debug   Library Name

      1534         84          0          0          0        988   mc_w.l

    ----------------------------------------------------------------------
      1540         84          0          0          0        988   Library Totals

    ----------------------------------------------------------------------

==============================================================================


      Code (inc. data)   RO Data    RW Data    ZI Data      Debug   

     16000        718      34816         56       4432      95754   Grand Totals
     16000        718      34816         56       4432      95754   ELF Image Totals
     16000        718      34816         56          0          0   ROM Totals

==============================================================================

    Total RO  Size (Code + RO Data)                50816 (  49.62kB)
    Total RW  Size (RW Data + ZI Data)              4488 (   4.38kB)
    Total ROM Size (Code + RO Data + RW Data)      50872 (  49.68kB)

==============================================================================

